[0.020s] Invoking command in '/home/lenovoi/Projects/Cyborg-Summer-Induction-2026/Cyborg-Summer-2026/Task3/build/task3': CMAKE_PREFIX_PATH=${CMAKE_PREFIX_PATH}:/home/lenovoi/Sandbox/ROSIItuto/ros2_sbws/install/py_pubsub:/home/lenovoi/Sandbox/ROSIItuto/ros2_sbws/install/sb_py_robo:/opt/ros/jazzy DEBUGINFOD_URLS=https://debuginfod.ubuntu.com /usr/bin/cmake --build /home/lenovoi/Projects/Cyborg-Summer-Induction-2026/Cyborg-Summer-2026/Task3/build/task3 -- -j16 -l16
[0.107s] [  2%] Built target task3__rosidl_generator_type_description
[0.107s] [  5%] Built target task3__rs
[0.119s] [  5%] Built target ament_cmake_python_copy_task3
[0.132s] [  8%] Built target task3__cpp
[0.139s] [ 22%] Built target task3__rosidl_generator_c
[0.175s] [ 71%] Built target task3__rosidl_typesupport_introspection_cpp
[0.175s] [ 71%] Built target task3__rosidl_typesupport_fastrtps_c
[0.176s] [ 71%] Built target task3__rosidl_typesupport_cpp
[0.176s] [ 74%] Built target task3__rosidl_typesupport_fastrtps_cpp
[0.176s] [ 74%] Built target task3__rosidl_typesupport_c
[0.176s] [ 74%] Built target task3__rosidl_typesupport_introspection_c
[0.204s] [ 74%] Built target task3
[0.234s] [ 77%] Built target task3__py
[0.266s] [ 82%] Built target task3__rosidl_generator_py
[0.294s] [100%] Built target task3_s__rosidl_typesupport_fastrtps_c
[0.294s] [100%] Built target task3_s__rosidl_typesupport_introspection_c
[0.294s] [100%] Built target task3_s__rosidl_typesupport_c
[0.359s] running egg_info
[0.381s] writing task3.egg-info/PKG-INFO
[0.382s] writing dependency_links to task3.egg-info/dependency_links.txt
[0.382s] writing top-level names to task3.egg-info/top_level.txt
[0.443s] reading manifest file 'task3.egg-info/SOURCES.txt'
[0.444s] writing manifest file 'task3.egg-info/SOURCES.txt'
[0.484s] [100%] Built target ament_cmake_python_build_task3_egg
[0.500s] Invoked command in '/home/lenovoi/Projects/Cyborg-Summer-Induction-2026/Cyborg-Summer-2026/Task3/build/task3' returned '0': CMAKE_PREFIX_PATH=${CMAKE_PREFIX_PATH}:/home/lenovoi/Sandbox/ROSIItuto/ros2_sbws/install/py_pubsub:/home/lenovoi/Sandbox/ROSIItuto/ros2_sbws/install/sb_py_robo:/opt/ros/jazzy DEBUGINFOD_URLS=https://debuginfod.ubuntu.com /usr/bin/cmake --build /home/lenovoi/Projects/Cyborg-Summer-Induction-2026/Cyborg-Summer-2026/Task3/build/task3 -- -j16 -l16
[0.512s] Invoking command in '/home/lenovoi/Projects/Cyborg-Summer-Induction-2026/Cyborg-Summer-2026/Task3/build/task3': CMAKE_PREFIX_PATH=${CMAKE_PREFIX_PATH}:/home/lenovoi/Sandbox/ROSIItuto/ros2_sbws/install/py_pubsub:/home/lenovoi/Sandbox/ROSIItuto/ros2_sbws/install/sb_py_robo:/opt/ros/jazzy DEBUGINFOD_URLS=https://debuginfod.ubuntu.com /usr/bin/cmake --install /home/lenovoi/Projects/Cyborg-Summer-Induction-2026/Cyborg-Summer-2026/Task3/build/task3
[0.526s] -- Install configuration: ""
[0.526s] -- Up-to-date: /home/lenovoi/Projects/Cyborg-Summer-Induction-2026/Cyborg-Summer-2026/Task3/install/task3/share/ament_index/resource_index/rosidl_interfaces/task3
[0.526s] -- Up-to-date: /home/lenovoi/Projects/Cyborg-Summer-Induction-2026/Cyborg-Summer-2026/Task3/install/task3/share/task3/srv/PrimeFactors.json
[0.526s] -- Up-to-date: /home/lenovoi/Projects/Cyborg-Summer-Induction-2026/Cyborg-Summer-2026/Task3/install/task3/include/task3/task3
[0.527s] -- Up-to-date: /home/lenovoi/Projects/Cyborg-Summer-Induction-2026/Cyborg-Summer-2026/Task3/install/task3/include/task3/task3/srv
[0.527s] -- Up-to-date: /home/lenovoi/Projects/Cyborg-Summer-Induction-2026/Cyborg-Summer-2026/Task3/install/task3/include/task3/task3/srv/prime_factors.h
[0.527s] -- Up-to-date: /home/lenovoi/Projects/Cyborg-Summer-Induction-2026/Cyborg-Summer-2026/Task3/install/task3/include/task3/task3/srv/detail
[0.527s] -- Up-to-date: /home/lenovoi/Projects/Cyborg-Summer-Induction-2026/Cyborg-Summer-2026/Task3/install/task3/include/task3/task3/srv/detail/prime_factors__struct.h
[0.527s] -- Up-to-date: /home/lenovoi/Projects/Cyborg-Summer-Induction-2026/Cyborg-Summer-2026/Task3/install/task3/include/task3/task3/srv/detail/prime_factors__functions.c
[0.527s] -- Up-to-date: /home/lenovoi/Projects/Cyborg-Summer-Induction-2026/Cyborg-Summer-2026/Task3/install/task3/include/task3/task3/srv/detail/prime_factors__type_support.h
[0.527s] -- Up-to-date: /home/lenovoi/Projects/Cyborg-Summer-Induction-2026/Cyborg-Summer-2026/Task3/install/task3/include/task3/task3/srv/detail/prime_factors__description.c
[0.528s] -- Up-to-date: /home/lenovoi/Projects/Cyborg-Summer-Induction-2026/Cyborg-Summer-2026/Task3/install/task3/include/task3/task3/srv/detail/prime_factors__functions.h
[0.528s] -- Up-to-date: /home/lenovoi/Projects/Cyborg-Summer-Induction-2026/Cyborg-Summer-2026/Task3/install/task3/include/task3/task3/srv/detail/prime_factors__type_support.c
[0.528s] -- Up-to-date: /home/lenovoi/Projects/Cyborg-Summer-Induction-2026/Cyborg-Summer-2026/Task3/install/task3/include/task3/task3/msg
[0.528s] -- Up-to-date: /home/lenovoi/Projects/Cyborg-Summer-Induction-2026/Cyborg-Summer-2026/Task3/install/task3/include/task3/task3/msg/rosidl_generator_c__visibility_control.h
[0.528s] -- Up-to-date: /home/lenovoi/Projects/Cyborg-Summer-Induction-2026/Cyborg-Summer-2026/Task3/install/task3/share/task3/environment/library_path.sh
[0.528s] -- Up-to-date: /home/lenovoi/Projects/Cyborg-Summer-Induction-2026/Cyborg-Summer-2026/Task3/install/task3/share/task3/environment/library_path.dsv
[0.528s] -- Up-to-date: /home/lenovoi/Projects/Cyborg-Summer-Induction-2026/Cyborg-Summer-2026/Task3/install/task3/lib/libtask3__rosidl_generator_c.so
[0.528s] -- Up-to-date: /home/lenovoi/Projects/Cyborg-Summer-Induction-2026/Cyborg-Summer-2026/Task3/install/task3/include/task3/task3
[0.528s] -- Up-to-date: /home/lenovoi/Projects/Cyborg-Summer-Induction-2026/Cyborg-Summer-2026/Task3/install/task3/include/task3/task3/srv
[0.528s] -- Up-to-date: /home/lenovoi/Projects/Cyborg-Summer-Induction-2026/Cyborg-Summer-2026/Task3/install/task3/include/task3/task3/srv/detail
[0.529s] -- Up-to-date: /home/lenovoi/Projects/Cyborg-Summer-Induction-2026/Cyborg-Summer-2026/Task3/install/task3/include/task3/task3/srv/detail/prime_factors__rosidl_typesupport_fastrtps_c.h
[0.529s] -- Up-to-date: /home/lenovoi/Projects/Cyborg-Summer-Induction-2026/Cyborg-Summer-2026/Task3/install/task3/include/task3/task3/msg
[0.529s] -- Up-to-date: /home/lenovoi/Projects/Cyborg-Summer-Induction-2026/Cyborg-Summer-2026/Task3/install/task3/include/task3/task3/msg/rosidl_typesupport_fastrtps_c__visibility_control.h
[0.529s] -- Up-to-date: /home/lenovoi/Projects/Cyborg-Summer-Induction-2026/Cyborg-Summer-2026/Task3/install/task3/lib/libtask3__rosidl_typesupport_fastrtps_c.so
[0.529s] -- Up-to-date: /home/lenovoi/Projects/Cyborg-Summer-Induction-2026/Cyborg-Summer-2026/Task3/install/task3/include/task3/task3
[0.529s] -- Up-to-date: /home/lenovoi/Projects/Cyborg-Summer-Induction-2026/Cyborg-Summer-2026/Task3/install/task3/include/task3/task3/srv
[0.529s] -- Up-to-date: /home/lenovoi/Projects/Cyborg-Summer-Induction-2026/Cyborg-Summer-2026/Task3/install/task3/include/task3/task3/srv/detail
[0.529s] -- Up-to-date: /home/lenovoi/Projects/Cyborg-Summer-Induction-2026/Cyborg-Summer-2026/Task3/install/task3/include/task3/task3/srv/detail/prime_factors__rosidl_typesupport_introspection_c.h
[0.529s] -- Up-to-date: /home/lenovoi/Projects/Cyborg-Summer-Induction-2026/Cyborg-Summer-2026/Task3/install/task3/include/task3/task3/srv/detail/prime_factors__type_support.c
[0.529s] -- Up-to-date: /home/lenovoi/Projects/Cyborg-Summer-Induction-2026/Cyborg-Summer-2026/Task3/install/task3/include/task3/task3/msg
[0.529s] -- Up-to-date: /home/lenovoi/Projects/Cyborg-Summer-Induction-2026/Cyborg-Summer-2026/Task3/install/task3/include/task3/task3/msg/rosidl_typesupport_introspection_c__visibility_control.h
[0.529s] -- Up-to-date: /home/lenovoi/Projects/Cyborg-Summer-Induction-2026/Cyborg-Summer-2026/Task3/install/task3/lib/libtask3__rosidl_typesupport_introspection_c.so
[0.529s] -- Up-to-date: /home/lenovoi/Projects/Cyborg-Summer-Induction-2026/Cyborg-Summer-2026/Task3/install/task3/lib/libtask3__rosidl_typesupport_c.so
[0.529s] -- Up-to-date: /home/lenovoi/Projects/Cyborg-Summer-Induction-2026/Cyborg-Summer-2026/Task3/install/task3/include/task3/task3
[0.530s] -- Up-to-date: /home/lenovoi/Projects/Cyborg-Summer-Induction-2026/Cyborg-Summer-2026/Task3/install/task3/include/task3/task3/srv
[0.530s] -- Up-to-date: /home/lenovoi/Projects/Cyborg-Summer-Induction-2026/Cyborg-Summer-2026/Task3/install/task3/include/task3/task3/srv/detail
[0.530s] -- Up-to-date: /home/lenovoi/Projects/Cyborg-Summer-Induction-2026/Cyborg-Summer-2026/Task3/install/task3/include/task3/task3/srv/detail/prime_factors__builder.hpp
[0.530s] -- Up-to-date: /home/lenovoi/Projects/Cyborg-Summer-Induction-2026/Cyborg-Summer-2026/Task3/install/task3/include/task3/task3/srv/detail/prime_factors__traits.hpp
[0.530s] -- Up-to-date: /home/lenovoi/Projects/Cyborg-Summer-Induction-2026/Cyborg-Summer-2026/Task3/install/task3/include/task3/task3/srv/detail/prime_factors__type_support.hpp
[0.530s] -- Up-to-date: /home/lenovoi/Projects/Cyborg-Summer-Induction-2026/Cyborg-Summer-2026/Task3/install/task3/include/task3/task3/srv/detail/prime_factors__struct.hpp
[0.530s] -- Up-to-date: /home/lenovoi/Projects/Cyborg-Summer-Induction-2026/Cyborg-Summer-2026/Task3/install/task3/include/task3/task3/srv/prime_factors.hpp
[0.530s] -- Up-to-date: /home/lenovoi/Projects/Cyborg-Summer-Induction-2026/Cyborg-Summer-2026/Task3/install/task3/include/task3/task3/msg
[0.531s] -- Up-to-date: /home/lenovoi/Projects/Cyborg-Summer-Induction-2026/Cyborg-Summer-2026/Task3/install/task3/include/task3/task3/msg/rosidl_generator_cpp__visibility_control.hpp
[0.531s] -- Up-to-date: /home/lenovoi/Projects/Cyborg-Summer-Induction-2026/Cyborg-Summer-2026/Task3/install/task3/include/task3/task3
[0.531s] -- Up-to-date: /home/lenovoi/Projects/Cyborg-Summer-Induction-2026/Cyborg-Summer-2026/Task3/install/task3/include/task3/task3/srv
[0.531s] -- Up-to-date: /home/lenovoi/Projects/Cyborg-Summer-Induction-2026/Cyborg-Summer-2026/Task3/install/task3/include/task3/task3/srv/detail
[0.531s] -- Up-to-date: /home/lenovoi/Projects/Cyborg-Summer-Induction-2026/Cyborg-Summer-2026/Task3/install/task3/include/task3/task3/srv/detail/prime_factors__rosidl_typesupport_fastrtps_cpp.hpp
[0.531s] -- Up-to-date: /home/lenovoi/Projects/Cyborg-Summer-Induction-2026/Cyborg-Summer-2026/Task3/install/task3/include/task3/task3/srv/detail/dds_fastrtps
[0.531s] -- Up-to-date: /home/lenovoi/Projects/Cyborg-Summer-Induction-2026/Cyborg-Summer-2026/Task3/install/task3/include/task3/task3/msg
[0.532s] -- Up-to-date: /home/lenovoi/Projects/Cyborg-Summer-Induction-2026/Cyborg-Summer-2026/Task3/install/task3/include/task3/task3/msg/rosidl_typesupport_fastrtps_cpp__visibility_control.h
[0.532s] -- Up-to-date: /home/lenovoi/Projects/Cyborg-Summer-Induction-2026/Cyborg-Summer-2026/Task3/install/task3/lib/libtask3__rosidl_typesupport_fastrtps_cpp.so
[0.532s] -- Up-to-date: /home/lenovoi/Projects/Cyborg-Summer-Induction-2026/Cyborg-Summer-2026/Task3/install/task3/include/task3/task3
[0.532s] -- Up-to-date: /home/lenovoi/Projects/Cyborg-Summer-Induction-2026/Cyborg-Summer-2026/Task3/install/task3/include/task3/task3/srv
[0.532s] -- Up-to-date: /home/lenovoi/Projects/Cyborg-Summer-Induction-2026/Cyborg-Summer-2026/Task3/install/task3/include/task3/task3/srv/detail
[0.532s] -- Up-to-date: /home/lenovoi/Projects/Cyborg-Summer-Induction-2026/Cyborg-Summer-2026/Task3/install/task3/include/task3/task3/srv/detail/prime_factors__type_support.cpp
[0.532s] -- Up-to-date: /home/lenovoi/Projects/Cyborg-Summer-Induction-2026/Cyborg-Summer-2026/Task3/install/task3/include/task3/task3/srv/detail/prime_factors__rosidl_typesupport_introspection_cpp.hpp
[0.532s] -- Up-to-date: /home/lenovoi/Projects/Cyborg-Summer-Induction-2026/Cyborg-Summer-2026/Task3/install/task3/lib/libtask3__rosidl_typesupport_introspection_cpp.so
[0.532s] -- Up-to-date: /home/lenovoi/Projects/Cyborg-Summer-Induction-2026/Cyborg-Summer-2026/Task3/install/task3/lib/libtask3__rosidl_typesupport_cpp.so
[0.532s] -- Up-to-date: /home/lenovoi/Projects/Cyborg-Summer-Induction-2026/Cyborg-Summer-2026/Task3/install/task3/share/task3/environment/pythonpath.sh
[0.533s] -- Up-to-date: /home/lenovoi/Projects/Cyborg-Summer-Induction-2026/Cyborg-Summer-2026/Task3/install/task3/share/task3/environment/pythonpath.dsv
[0.533s] -- Up-to-date: /home/lenovoi/Projects/Cyborg-Summer-Induction-2026/Cyborg-Summer-2026/Task3/install/task3/lib/python3.12/site-packages/task3-0.0.0-py3.12.egg-info
[0.533s] -- Installing: /home/lenovoi/Projects/Cyborg-Summer-Induction-2026/Cyborg-Summer-2026/Task3/install/task3/lib/python3.12/site-packages/task3-0.0.0-py3.12.egg-info/PKG-INFO
[0.533s] -- Installing: /home/lenovoi/Projects/Cyborg-Summer-Induction-2026/Cyborg-Summer-2026/Task3/install/task3/lib/python3.12/site-packages/task3-0.0.0-py3.12.egg-info/SOURCES.txt
[0.533s] -- Installing: /home/lenovoi/Projects/Cyborg-Summer-Induction-2026/Cyborg-Summer-2026/Task3/install/task3/lib/python3.12/site-packages/task3-0.0.0-py3.12.egg-info/top_level.txt
[0.533s] -- Installing: /home/lenovoi/Projects/Cyborg-Summer-Induction-2026/Cyborg-Summer-2026/Task3/install/task3/lib/python3.12/site-packages/task3-0.0.0-py3.12.egg-info/dependency_links.txt
[0.533s] -- Up-to-date: /home/lenovoi/Projects/Cyborg-Summer-Induction-2026/Cyborg-Summer-2026/Task3/install/task3/lib/python3.12/site-packages/task3
[0.533s] -- Up-to-date: /home/lenovoi/Projects/Cyborg-Summer-Induction-2026/Cyborg-Summer-2026/Task3/install/task3/lib/python3.12/site-packages/task3/srv
[0.533s] -- Up-to-date: /home/lenovoi/Projects/Cyborg-Summer-Induction-2026/Cyborg-Summer-2026/Task3/install/task3/lib/python3.12/site-packages/task3/srv/_prime_factors.py
[0.533s] -- Up-to-date: /home/lenovoi/Projects/Cyborg-Summer-Induction-2026/Cyborg-Summer-2026/Task3/install/task3/lib/python3.12/site-packages/task3/srv/_prime_factors_s.c
[0.533s] -- Up-to-date: /home/lenovoi/Projects/Cyborg-Summer-Induction-2026/Cyborg-Summer-2026/Task3/install/task3/lib/python3.12/site-packages/task3/srv/__init__.py
[0.534s] -- Up-to-date: /home/lenovoi/Projects/Cyborg-Summer-Induction-2026/Cyborg-Summer-2026/Task3/install/task3/lib/python3.12/site-packages/task3/task3_s__rosidl_typesupport_fastrtps_c.so
[0.534s] -- Up-to-date: /home/lenovoi/Projects/Cyborg-Summer-Induction-2026/Cyborg-Summer-2026/Task3/install/task3/lib/python3.12/site-packages/task3/__init__.py
[0.534s] -- Up-to-date: /home/lenovoi/Projects/Cyborg-Summer-Induction-2026/Cyborg-Summer-2026/Task3/install/task3/lib/python3.12/site-packages/task3/task3_s__rosidl_typesupport_introspection_c.so
[0.534s] -- Up-to-date: /home/lenovoi/Projects/Cyborg-Summer-Induction-2026/Cyborg-Summer-2026/Task3/install/task3/lib/python3.12/site-packages/task3/_task3_s.ep.rosidl_typesupport_fastrtps_c.c
[0.534s] -- Up-to-date: /home/lenovoi/Projects/Cyborg-Summer-Induction-2026/Cyborg-Summer-2026/Task3/install/task3/lib/python3.12/site-packages/task3/_task3_s.ep.rosidl_typesupport_introspection_c.c
[0.534s] -- Up-to-date: /home/lenovoi/Projects/Cyborg-Summer-Induction-2026/Cyborg-Summer-2026/Task3/install/task3/lib/python3.12/site-packages/task3/task3_s__rosidl_typesupport_c.so
[0.534s] -- Up-to-date: /home/lenovoi/Projects/Cyborg-Summer-Induction-2026/Cyborg-Summer-2026/Task3/install/task3/lib/python3.12/site-packages/task3/_task3_s.ep.rosidl_typesupport_c.c
[0.566s] Listing '/home/lenovoi/Projects/Cyborg-Summer-Induction-2026/Cyborg-Summer-2026/Task3/install/task3/lib/python3.12/site-packages/task3'...
[0.566s] Listing '/home/lenovoi/Projects/Cyborg-Summer-Induction-2026/Cyborg-Summer-2026/Task3/install/task3/lib/python3.12/site-packages/task3/srv'...
[0.571s] -- Up-to-date: /home/lenovoi/Projects/Cyborg-Summer-Induction-2026/Cyborg-Summer-2026/Task3/install/task3/lib/python3.12/site-packages/task3/task3_s__rosidl_typesupport_fastrtps_c.so
[0.571s] -- Up-to-date: /home/lenovoi/Projects/Cyborg-Summer-Induction-2026/Cyborg-Summer-2026/Task3/install/task3/lib/python3.12/site-packages/task3/task3_s__rosidl_typesupport_introspection_c.so
[0.571s] -- Up-to-date: /home/lenovoi/Projects/Cyborg-Summer-Induction-2026/Cyborg-Summer-2026/Task3/install/task3/lib/python3.12/site-packages/task3/task3_s__rosidl_typesupport_c.so
[0.572s] -- Up-to-date: /home/lenovoi/Projects/Cyborg-Summer-Induction-2026/Cyborg-Summer-2026/Task3/install/task3/lib/libtask3__rosidl_generator_py.so
[0.572s] -- Up-to-date: /home/lenovoi/Projects/Cyborg-Summer-Induction-2026/Cyborg-Summer-2026/Task3/install/task3/share/ament_index/resource_index/rust_packages/task3
[0.572s] -- Up-to-date: /home/lenovoi/Projects/Cyborg-Summer-Induction-2026/Cyborg-Summer-2026/Task3/install/task3/share/task3/rust
[0.572s] -- Up-to-date: /home/lenovoi/Projects/Cyborg-Summer-Induction-2026/Cyborg-Summer-2026/Task3/install/task3/share/task3/rust/src
[0.572s] -- Up-to-date: /home/lenovoi/Projects/Cyborg-Summer-Induction-2026/Cyborg-Summer-2026/Task3/install/task3/share/task3/rust/src/srv
[0.573s] -- Up-to-date: /home/lenovoi/Projects/Cyborg-Summer-Induction-2026/Cyborg-Summer-2026/Task3/install/task3/share/task3/rust/src/srv/rmw.rs
[0.573s] -- Up-to-date: /home/lenovoi/Projects/Cyborg-Summer-Induction-2026/Cyborg-Summer-2026/Task3/install/task3/share/task3/rust/src/srv.rs
[0.573s] -- Up-to-date: /home/lenovoi/Projects/Cyborg-Summer-Induction-2026/Cyborg-Summer-2026/Task3/install/task3/share/task3/rust/src/lib.rs
[0.573s] -- Up-to-date: /home/lenovoi/Projects/Cyborg-Summer-Induction-2026/Cyborg-Summer-2026/Task3/install/task3/share/task3/rust/Cargo.toml
[0.573s] -- Up-to-date: /home/lenovoi/Projects/Cyborg-Summer-Induction-2026/Cyborg-Summer-2026/Task3/install/task3/share/task3/rust/build.rs
[0.573s] -- Up-to-date: /home/lenovoi/Projects/Cyborg-Summer-Induction-2026/Cyborg-Summer-2026/Task3/install/task3/share/task3/srv/PrimeFactors.idl
[0.573s] -- Up-to-date: /home/lenovoi/Projects/Cyborg-Summer-Induction-2026/Cyborg-Summer-2026/Task3/install/task3/share/task3/srv/PrimeFactors.srv
[0.574s] -- Up-to-date: /home/lenovoi/Projects/Cyborg-Summer-Induction-2026/Cyborg-Summer-2026/Task3/install/task3/share/task3/launch
[0.574s] -- Up-to-date: /home/lenovoi/Projects/Cyborg-Summer-Induction-2026/Cyborg-Summer-2026/Task3/install/task3/share/task3/launch/Task3.launch.py
[0.574s] -- Up-to-date: /home/lenovoi/Projects/Cyborg-Summer-Induction-2026/Cyborg-Summer-2026/Task3/install/task3/lib/task3/Task3A.py
[0.574s] -- Up-to-date: /home/lenovoi/Projects/Cyborg-Summer-Induction-2026/Cyborg-Summer-2026/Task3/install/task3/lib/task3/BonusTask3A.py
[0.574s] -- Up-to-date: /home/lenovoi/Projects/Cyborg-Summer-Induction-2026/Cyborg-Summer-2026/Task3/install/task3/lib/task3/Task3B.py
[0.574s] -- Up-to-date: /home/lenovoi/Projects/Cyborg-Summer-Induction-2026/Cyborg-Summer-2026/Task3/install/task3/lib/task3/Task3C.py
[0.574s] -- Up-to-date: /home/lenovoi/Projects/Cyborg-Summer-Induction-2026/Cyborg-Summer-2026/Task3/install/task3/lib/task3/Task3D_server.py
[0.574s] -- Up-to-date: /home/lenovoi/Projects/Cyborg-Summer-Induction-2026/Cyborg-Summer-2026/Task3/install/task3/lib/task3/Task3D_client.py
[0.574s] -- Up-to-date: /home/lenovoi/Projects/Cyborg-Summer-Induction-2026/Cyborg-Summer-2026/Task3/install/task3/share/ament_index/resource_index/package_run_dependencies/task3
[0.575s] -- Up-to-date: /home/lenovoi/Projects/Cyborg-Summer-Induction-2026/Cyborg-Summer-2026/Task3/install/task3/share/ament_index/resource_index/parent_prefix_path/task3
[0.575s] -- Up-to-date: /home/lenovoi/Projects/Cyborg-Summer-Induction-2026/Cyborg-Summer-2026/Task3/install/task3/share/task3/environment/ament_prefix_path.sh
[0.575s] -- Up-to-date: /home/lenovoi/Projects/Cyborg-Summer-Induction-2026/Cyborg-Summer-2026/Task3/install/task3/share/task3/environment/ament_prefix_path.dsv
[0.575s] -- Up-to-date: /home/lenovoi/Projects/Cyborg-Summer-Induction-2026/Cyborg-Summer-2026/Task3/install/task3/share/task3/environment/path.sh
[0.575s] -- Up-to-date: /home/lenovoi/Projects/Cyborg-Summer-Induction-2026/Cyborg-Summer-2026/Task3/install/task3/share/task3/environment/path.dsv
[0.575s] -- Up-to-date: /home/lenovoi/Projects/Cyborg-Summer-Induction-2026/Cyborg-Summer-2026/Task3/install/task3/share/task3/local_setup.bash
[0.575s] -- Up-to-date: /home/lenovoi/Projects/Cyborg-Summer-Induction-2026/Cyborg-Summer-2026/Task3/install/task3/share/task3/local_setup.sh
[0.575s] -- Up-to-date: /home/lenovoi/Projects/Cyborg-Summer-Induction-2026/Cyborg-Summer-2026/Task3/install/task3/share/task3/local_setup.zsh
[0.575s] -- Up-to-date: /home/lenovoi/Projects/Cyborg-Summer-Induction-2026/Cyborg-Summer-2026/Task3/install/task3/share/task3/local_setup.dsv
[0.575s] -- Installing: /home/lenovoi/Projects/Cyborg-Summer-Induction-2026/Cyborg-Summer-2026/Task3/install/task3/share/task3/package.dsv
[0.575s] -- Up-to-date: /home/lenovoi/Projects/Cyborg-Summer-Induction-2026/Cyborg-Summer-2026/Task3/install/task3/share/ament_index/resource_index/packages/task3
[0.576s] -- Up-to-date: /home/lenovoi/Projects/Cyborg-Summer-Induction-2026/Cyborg-Summer-2026/Task3/install/task3/share/task3/cmake/export_task3__rosidl_generator_cExport.cmake
[0.576s] -- Up-to-date: /home/lenovoi/Projects/Cyborg-Summer-Induction-2026/Cyborg-Summer-2026/Task3/install/task3/share/task3/cmake/export_task3__rosidl_generator_cExport-noconfig.cmake
[0.576s] -- Up-to-date: /home/lenovoi/Projects/Cyborg-Summer-Induction-2026/Cyborg-Summer-2026/Task3/install/task3/share/task3/cmake/export_task3__rosidl_typesupport_fastrtps_cExport.cmake
[0.576s] -- Up-to-date: /home/lenovoi/Projects/Cyborg-Summer-Induction-2026/Cyborg-Summer-2026/Task3/install/task3/share/task3/cmake/export_task3__rosidl_typesupport_fastrtps_cExport-noconfig.cmake
[0.576s] -- Up-to-date: /home/lenovoi/Projects/Cyborg-Summer-Induction-2026/Cyborg-Summer-2026/Task3/install/task3/share/task3/cmake/task3__rosidl_typesupport_introspection_cExport.cmake
[0.576s] -- Up-to-date: /home/lenovoi/Projects/Cyborg-Summer-Induction-2026/Cyborg-Summer-2026/Task3/install/task3/share/task3/cmake/task3__rosidl_typesupport_introspection_cExport-noconfig.cmake
[0.576s] -- Up-to-date: /home/lenovoi/Projects/Cyborg-Summer-Induction-2026/Cyborg-Summer-2026/Task3/install/task3/share/task3/cmake/task3__rosidl_typesupport_cExport.cmake
[0.576s] -- Up-to-date: /home/lenovoi/Projects/Cyborg-Summer-Induction-2026/Cyborg-Summer-2026/Task3/install/task3/share/task3/cmake/task3__rosidl_typesupport_cExport-noconfig.cmake
[0.576s] -- Up-to-date: /home/lenovoi/Projects/Cyborg-Summer-Induction-2026/Cyborg-Summer-2026/Task3/install/task3/share/task3/cmake/export_task3__rosidl_generator_cppExport.cmake
[0.576s] -- Up-to-date: /home/lenovoi/Projects/Cyborg-Summer-Induction-2026/Cyborg-Summer-2026/Task3/install/task3/share/task3/cmake/export_task3__rosidl_typesupport_fastrtps_cppExport.cmake
[0.576s] -- Up-to-date: /home/lenovoi/Projects/Cyborg-Summer-Induction-2026/Cyborg-Summer-2026/Task3/install/task3/share/task3/cmake/export_task3__rosidl_typesupport_fastrtps_cppExport-noconfig.cmake
[0.576s] -- Up-to-date: /home/lenovoi/Projects/Cyborg-Summer-Induction-2026/Cyborg-Summer-2026/Task3/install/task3/share/task3/cmake/task3__rosidl_typesupport_introspection_cppExport.cmake
[0.576s] -- Up-to-date: /home/lenovoi/Projects/Cyborg-Summer-Induction-2026/Cyborg-Summer-2026/Task3/install/task3/share/task3/cmake/task3__rosidl_typesupport_introspection_cppExport-noconfig.cmake
[0.577s] -- Up-to-date: /home/lenovoi/Projects/Cyborg-Summer-Induction-2026/Cyborg-Summer-2026/Task3/install/task3/share/task3/cmake/task3__rosidl_typesupport_cppExport.cmake
[0.577s] -- Up-to-date: /home/lenovoi/Projects/Cyborg-Summer-Induction-2026/Cyborg-Summer-2026/Task3/install/task3/share/task3/cmake/task3__rosidl_typesupport_cppExport-noconfig.cmake
[0.577s] -- Up-to-date: /home/lenovoi/Projects/Cyborg-Summer-Induction-2026/Cyborg-Summer-2026/Task3/install/task3/share/task3/cmake/export_task3__rosidl_generator_pyExport.cmake
[0.577s] -- Up-to-date: /home/lenovoi/Projects/Cyborg-Summer-Induction-2026/Cyborg-Summer-2026/Task3/install/task3/share/task3/cmake/export_task3__rosidl_generator_pyExport-noconfig.cmake
[0.577s] -- Up-to-date: /home/lenovoi/Projects/Cyborg-Summer-Induction-2026/Cyborg-Summer-2026/Task3/install/task3/share/task3/cmake/rosidl_cmake-extras.cmake
[0.577s] -- Up-to-date: /home/lenovoi/Projects/Cyborg-Summer-Induction-2026/Cyborg-Summer-2026/Task3/install/task3/share/task3/cmake/ament_cmake_export_dependencies-extras.cmake
[0.577s] -- Up-to-date: /home/lenovoi/Projects/Cyborg-Summer-Induction-2026/Cyborg-Summer-2026/Task3/install/task3/share/task3/cmake/ament_cmake_export_include_directories-extras.cmake
[0.577s] -- Up-to-date: /home/lenovoi/Projects/Cyborg-Summer-Induction-2026/Cyborg-Summer-2026/Task3/install/task3/share/task3/cmake/ament_cmake_export_libraries-extras.cmake
[0.577s] -- Up-to-date: /home/lenovoi/Projects/Cyborg-Summer-Induction-2026/Cyborg-Summer-2026/Task3/install/task3/share/task3/cmake/ament_cmake_export_targets-extras.cmake
[0.577s] -- Up-to-date: /home/lenovoi/Projects/Cyborg-Summer-Induction-2026/Cyborg-Summer-2026/Task3/install/task3/share/task3/cmake/rosidl_cmake_export_typesupport_targets-extras.cmake
[0.577s] -- Up-to-date: /home/lenovoi/Projects/Cyborg-Summer-Induction-2026/Cyborg-Summer-2026/Task3/install/task3/share/task3/cmake/rosidl_cmake_export_typesupport_libraries-extras.cmake
[0.577s] -- Up-to-date: /home/lenovoi/Projects/Cyborg-Summer-Induction-2026/Cyborg-Summer-2026/Task3/install/task3/share/task3/cmake/task3Config.cmake
[0.577s] -- Up-to-date: /home/lenovoi/Projects/Cyborg-Summer-Induction-2026/Cyborg-Summer-2026/Task3/install/task3/share/task3/cmake/task3Config-version.cmake
[0.578s] -- Up-to-date: /home/lenovoi/Projects/Cyborg-Summer-Induction-2026/Cyborg-Summer-2026/Task3/install/task3/share/task3/package.xml
[0.579s] Invoked command in '/home/lenovoi/Projects/Cyborg-Summer-Induction-2026/Cyborg-Summer-2026/Task3/build/task3' returned '0': CMAKE_PREFIX_PATH=${CMAKE_PREFIX_PATH}:/home/lenovoi/Sandbox/ROSIItuto/ros2_sbws/install/py_pubsub:/home/lenovoi/Sandbox/ROSIItuto/ros2_sbws/install/sb_py_robo:/opt/ros/jazzy DEBUGINFOD_URLS=https://debuginfod.ubuntu.com /usr/bin/cmake --install /home/lenovoi/Projects/Cyborg-Summer-Induction-2026/Cyborg-Summer-2026/Task3/build/task3
