[0.213s] DEBUG:colcon:Command line arguments: ['/usr/bin/colcon', 'build']
[0.213s] DEBUG:colcon:Parsed command line arguments: Namespace(log_base=None, log_level=None, verb_name='build', build_base='build', install_base='install', merge_install=False, symlink_install=False, test_result_base=None, continue_on_error=False, executor='parallel', parallel_workers=16, event_handlers=None, ignore_user_meta=False, metas=['./colcon.meta'], base_paths=['.'], packages_ignore=None, packages_ignore_regex=None, paths=None, packages_up_to=None, packages_up_to_regex=None, packages_above=None, packages_above_and_dependencies=None, packages_above_depth=None, packages_select_by_dep=None, packages_skip_by_dep=None, packages_skip_up_to=None, packages_select_build_failed=False, packages_skip_build_finished=False, packages_select_test_failures=False, packages_skip_test_passed=False, packages_select=None, packages_skip=None, packages_select_regex=None, packages_skip_regex=None, packages_start=None, packages_end=None, allow_overriding=[], cmake_args=None, cmake_target=None, cmake_target_skip_unavailable=False, cmake_clean_cache=False, cmake_clean_first=False, cmake_force_configure=False, ament_cmake_args=None, catkin_cmake_args=None, catkin_skip_building_tests=False, mixin_files=None, mixin=None, verb_parser=<colcon_mixin.mixin.mixin_argument.MixinArgumentDecorator object at 0x7909b96909e0>, verb_extension=<colcon_core.verb.build.BuildVerb object at 0x7909b97b06e0>, main=<bound method BuildVerb.main of <colcon_core.verb.build.BuildVerb object at 0x7909b97b06e0>>, mixin_verb=('build',))
[0.292s] Level 1:colcon.colcon_core.package_discovery:discover_packages(colcon_meta) check parameters
[0.292s] Level 1:colcon.colcon_core.package_discovery:discover_packages(recursive) check parameters
[0.292s] Level 1:colcon.colcon_core.package_discovery:discover_packages(ignore) check parameters
[0.292s] Level 1:colcon.colcon_core.package_discovery:discover_packages(path) check parameters
[0.292s] Level 1:colcon.colcon_core.package_discovery:discover_packages(colcon_meta) discover
[0.292s] Level 1:colcon.colcon_core.package_discovery:discover_packages(recursive) discover
[0.292s] INFO:colcon.colcon_core.package_discovery:Crawling recursively for packages in '/home/lenovoi/Projects/Cyborg-Summer-Induction-2026/Cyborg-Summer-2026/Task3'
[0.293s] Level 1:colcon.colcon_core.package_identification:_identify(.) by extensions ['ignore', 'ignore_ament_install']
[0.293s] Level 1:colcon.colcon_core.package_identification:_identify(.) by extension 'ignore'
[0.293s] Level 1:colcon.colcon_core.package_identification:_identify(.) by extension 'ignore_ament_install'
[0.293s] Level 1:colcon.colcon_core.package_identification:_identify(.) by extensions ['colcon_pkg']
[0.293s] Level 1:colcon.colcon_core.package_identification:_identify(.) by extension 'colcon_pkg'
[0.293s] Level 1:colcon.colcon_core.package_identification:_identify(.) by extensions ['colcon_meta']
[0.293s] Level 1:colcon.colcon_core.package_identification:_identify(.) by extension 'colcon_meta'
[0.294s] Level 1:colcon.colcon_core.package_identification:_identify(.) by extensions ['ros']
[0.294s] Level 1:colcon.colcon_core.package_identification:_identify(.) by extension 'ros'
[0.338s] Level 1:colcon.colcon_core.package_identification:_identify(.) by extensions ['cmake', 'python']
[0.338s] Level 1:colcon.colcon_core.package_identification:_identify(.) by extension 'cmake'
[0.338s] Level 1:colcon.colcon_core.package_identification:_identify(.) by extension 'python'
[0.338s] Level 1:colcon.colcon_core.package_identification:_identify(.) by extensions ['python_setup_py']
[0.338s] Level 1:colcon.colcon_core.package_identification:_identify(.) by extension 'python_setup_py'
[0.338s] Level 1:colcon.colcon_core.package_identification:_identify(build) by extensions ['ignore', 'ignore_ament_install']
[0.339s] Level 1:colcon.colcon_core.package_identification:_identify(build) by extension 'ignore'
[0.339s] Level 1:colcon.colcon_core.package_identification:_identify(build) ignored
[0.339s] Level 1:colcon.colcon_core.package_identification:_identify(install) by extensions ['ignore', 'ignore_ament_install']
[0.339s] Level 1:colcon.colcon_core.package_identification:_identify(install) by extension 'ignore'
[0.339s] Level 1:colcon.colcon_core.package_identification:_identify(install) ignored
[0.339s] Level 1:colcon.colcon_core.package_identification:_identify(log) by extensions ['ignore', 'ignore_ament_install']
[0.339s] Level 1:colcon.colcon_core.package_identification:_identify(log) by extension 'ignore'
[0.339s] Level 1:colcon.colcon_core.package_identification:_identify(log) ignored
[0.340s] Level 1:colcon.colcon_core.package_identification:_identify(src) by extensions ['ignore', 'ignore_ament_install']
[0.340s] Level 1:colcon.colcon_core.package_identification:_identify(src) by extension 'ignore'
[0.340s] Level 1:colcon.colcon_core.package_identification:_identify(src) by extension 'ignore_ament_install'
[0.340s] Level 1:colcon.colcon_core.package_identification:_identify(src) by extensions ['colcon_pkg']
[0.340s] Level 1:colcon.colcon_core.package_identification:_identify(src) by extension 'colcon_pkg'
[0.340s] Level 1:colcon.colcon_core.package_identification:_identify(src) by extensions ['colcon_meta']
[0.340s] Level 1:colcon.colcon_core.package_identification:_identify(src) by extension 'colcon_meta'
[0.340s] Level 1:colcon.colcon_core.package_identification:_identify(src) by extensions ['ros']
[0.340s] Level 1:colcon.colcon_core.package_identification:_identify(src) by extension 'ros'
[0.340s] Level 1:colcon.colcon_core.package_identification:_identify(src) by extensions ['cmake', 'python']
[0.340s] Level 1:colcon.colcon_core.package_identification:_identify(src) by extension 'cmake'
[0.340s] Level 1:colcon.colcon_core.package_identification:_identify(src) by extension 'python'
[0.341s] Level 1:colcon.colcon_core.package_identification:_identify(src) by extensions ['python_setup_py']
[0.341s] Level 1:colcon.colcon_core.package_identification:_identify(src) by extension 'python_setup_py'
[0.341s] Level 1:colcon.colcon_core.package_identification:_identify(src/task3) by extensions ['ignore', 'ignore_ament_install']
[0.341s] Level 1:colcon.colcon_core.package_identification:_identify(src/task3) by extension 'ignore'
[0.341s] Level 1:colcon.colcon_core.package_identification:_identify(src/task3) by extension 'ignore_ament_install'
[0.341s] Level 1:colcon.colcon_core.package_identification:_identify(src/task3) by extensions ['colcon_pkg']
[0.341s] Level 1:colcon.colcon_core.package_identification:_identify(src/task3) by extension 'colcon_pkg'
[0.341s] Level 1:colcon.colcon_core.package_identification:_identify(src/task3) by extensions ['colcon_meta']
[0.341s] Level 1:colcon.colcon_core.package_identification:_identify(src/task3) by extension 'colcon_meta'
[0.341s] Level 1:colcon.colcon_core.package_identification:_identify(src/task3) by extensions ['ros']
[0.341s] Level 1:colcon.colcon_core.package_identification:_identify(src/task3) by extension 'ros'
[0.345s] DEBUG:colcon.colcon_core.package_identification:Package 'src/task3' with type 'ros.ament_cmake' and name 'task3'
[0.346s] Level 1:colcon.colcon_core.package_discovery:discover_packages(recursive) using defaults
[0.346s] Level 1:colcon.colcon_core.package_discovery:discover_packages(ignore) discover
[0.346s] Level 1:colcon.colcon_core.package_discovery:discover_packages(ignore) using defaults
[0.346s] Level 1:colcon.colcon_core.package_discovery:discover_packages(path) discover
[0.346s] Level 1:colcon.colcon_core.package_discovery:discover_packages(path) using defaults
[0.378s] Level 1:colcon.colcon_core.package_discovery:discover_packages(prefix_path) check parameters
[0.378s] Level 1:colcon.colcon_core.package_discovery:discover_packages(prefix_path) discover
[0.380s] WARNING:colcon.colcon_ros.prefix_path.ament:The path '/home/lenovoi/Projects/Cyborg-Summer-Induction-2026/Cyborg-Summer-2026/Task3/install/task3' in the environment variable AMENT_PREFIX_PATH doesn't exist
[0.380s] WARNING:colcon.colcon_ros.prefix_path.catkin:The path '/home/lenovoi/Projects/Cyborg-Summer-Induction-2026/Cyborg-Summer-2026/Task3/install/task3' in the environment variable CMAKE_PREFIX_PATH doesn't exist
[0.382s] DEBUG:colcon.colcon_installed_package_information.package_discovery:Found 0 installed packages in /home/lenovoi/Projects/Cyborg-Summer-Induction-2026/Cyborg-Summer-2026/Task3/install
[0.382s] DEBUG:colcon.colcon_installed_package_information.package_discovery:Found 2 installed packages in /home/lenovoi/Sandbox/ROSIItuto/ros2_sbws/install
[0.385s] DEBUG:colcon.colcon_installed_package_information.package_discovery:Found 287 installed packages in /opt/ros/jazzy
[0.386s] Level 1:colcon.colcon_core.package_discovery:discover_packages(prefix_path) using defaults
[0.464s] Level 5:colcon.colcon_core.verb:set package 'task3' build argument 'cmake_args' from command line to 'None'
[0.464s] Level 5:colcon.colcon_core.verb:set package 'task3' build argument 'cmake_target' from command line to 'None'
[0.464s] Level 5:colcon.colcon_core.verb:set package 'task3' build argument 'cmake_target_skip_unavailable' from command line to 'False'
[0.464s] Level 5:colcon.colcon_core.verb:set package 'task3' build argument 'cmake_clean_cache' from command line to 'False'
[0.464s] Level 5:colcon.colcon_core.verb:set package 'task3' build argument 'cmake_clean_first' from command line to 'False'
[0.464s] Level 5:colcon.colcon_core.verb:set package 'task3' build argument 'cmake_force_configure' from command line to 'False'
[0.464s] Level 5:colcon.colcon_core.verb:set package 'task3' build argument 'ament_cmake_args' from command line to 'None'
[0.464s] Level 5:colcon.colcon_core.verb:set package 'task3' build argument 'catkin_cmake_args' from command line to 'None'
[0.464s] Level 5:colcon.colcon_core.verb:set package 'task3' build argument 'catkin_skip_building_tests' from command line to 'False'
[0.464s] DEBUG:colcon.colcon_core.verb:Building package 'task3' with the following arguments: {'ament_cmake_args': None, 'build_base': '/home/lenovoi/Projects/Cyborg-Summer-Induction-2026/Cyborg-Summer-2026/Task3/build/task3', 'catkin_cmake_args': None, 'catkin_skip_building_tests': False, 'cmake_args': None, 'cmake_clean_cache': False, 'cmake_clean_first': False, 'cmake_force_configure': False, 'cmake_target': None, 'cmake_target_skip_unavailable': False, 'install_base': '/home/lenovoi/Projects/Cyborg-Summer-Induction-2026/Cyborg-Summer-2026/Task3/install/task3', 'merge_install': False, 'path': '/home/lenovoi/Projects/Cyborg-Summer-Induction-2026/Cyborg-Summer-2026/Task3/src/task3', 'symlink_install': False, 'test_result_base': None}
[0.465s] INFO:colcon.colcon_core.executor:Executing jobs using 'parallel' executor
[0.467s] DEBUG:colcon.colcon_parallel_executor.executor.parallel:run_until_complete
[0.467s] INFO:colcon.colcon_ros.task.ament_cmake.build:Building ROS package in '/home/lenovoi/Projects/Cyborg-Summer-Induction-2026/Cyborg-Summer-2026/Task3/src/task3' with build type 'ament_cmake'
[0.467s] INFO:colcon.colcon_cmake.task.cmake.build:Building CMake package in '/home/lenovoi/Projects/Cyborg-Summer-Induction-2026/Cyborg-Summer-2026/Task3/src/task3'
[0.471s] INFO:colcon.colcon_core.plugin_system:Skipping extension 'colcon_core.shell.bat': Not used on non-Windows systems
[0.471s] INFO:colcon.colcon_core.shell:Skip shell extension 'powershell' for command environment: Not usable outside of PowerShell
[0.471s] DEBUG:colcon.colcon_core.shell:Skip shell extension 'dsv' for command environment
[0.487s] DEBUG:colcon.colcon_core.event_handler.log_command:Invoking command in '/home/lenovoi/Projects/Cyborg-Summer-Induction-2026/Cyborg-Summer-2026/Task3/build/task3': CMAKE_PREFIX_PATH=${CMAKE_PREFIX_PATH}:/home/lenovoi/Sandbox/ROSIItuto/ros2_sbws/install/py_pubsub:/home/lenovoi/Sandbox/ROSIItuto/ros2_sbws/install/sb_py_robo:/opt/ros/jazzy DEBUGINFOD_URLS=https://debuginfod.ubuntu.com /usr/bin/cmake /home/lenovoi/Projects/Cyborg-Summer-Induction-2026/Cyborg-Summer-2026/Task3/src/task3 -DCMAKE_INSTALL_PREFIX=/home/lenovoi/Projects/Cyborg-Summer-Induction-2026/Cyborg-Summer-2026/Task3/install/task3
[4.017s] DEBUG:colcon.colcon_core.event_handler.log_command:Invoked command in '/home/lenovoi/Projects/Cyborg-Summer-Induction-2026/Cyborg-Summer-2026/Task3/build/task3' returned '0': CMAKE_PREFIX_PATH=${CMAKE_PREFIX_PATH}:/home/lenovoi/Sandbox/ROSIItuto/ros2_sbws/install/py_pubsub:/home/lenovoi/Sandbox/ROSIItuto/ros2_sbws/install/sb_py_robo:/opt/ros/jazzy DEBUGINFOD_URLS=https://debuginfod.ubuntu.com /usr/bin/cmake /home/lenovoi/Projects/Cyborg-Summer-Induction-2026/Cyborg-Summer-2026/Task3/src/task3 -DCMAKE_INSTALL_PREFIX=/home/lenovoi/Projects/Cyborg-Summer-Induction-2026/Cyborg-Summer-2026/Task3/install/task3
[4.018s] DEBUG:colcon.colcon_core.event_handler.log_command:Invoking command in '/home/lenovoi/Projects/Cyborg-Summer-Induction-2026/Cyborg-Summer-2026/Task3/build/task3': CMAKE_PREFIX_PATH=${CMAKE_PREFIX_PATH}:/home/lenovoi/Sandbox/ROSIItuto/ros2_sbws/install/py_pubsub:/home/lenovoi/Sandbox/ROSIItuto/ros2_sbws/install/sb_py_robo:/opt/ros/jazzy DEBUGINFOD_URLS=https://debuginfod.ubuntu.com /usr/bin/cmake --build /home/lenovoi/Projects/Cyborg-Summer-Induction-2026/Cyborg-Summer-2026/Task3/build/task3 -- -j16 -l16
[6.272s] DEBUG:colcon.colcon_core.event_handler.log_command:Invoked command in '/home/lenovoi/Projects/Cyborg-Summer-Induction-2026/Cyborg-Summer-2026/Task3/build/task3' returned '0': CMAKE_PREFIX_PATH=${CMAKE_PREFIX_PATH}:/home/lenovoi/Sandbox/ROSIItuto/ros2_sbws/install/py_pubsub:/home/lenovoi/Sandbox/ROSIItuto/ros2_sbws/install/sb_py_robo:/opt/ros/jazzy DEBUGINFOD_URLS=https://debuginfod.ubuntu.com /usr/bin/cmake --build /home/lenovoi/Projects/Cyborg-Summer-Induction-2026/Cyborg-Summer-2026/Task3/build/task3 -- -j16 -l16
[6.283s] DEBUG:colcon.colcon_core.event_handler.log_command:Invoking command in '/home/lenovoi/Projects/Cyborg-Summer-Induction-2026/Cyborg-Summer-2026/Task3/build/task3': CMAKE_PREFIX_PATH=${CMAKE_PREFIX_PATH}:/home/lenovoi/Sandbox/ROSIItuto/ros2_sbws/install/py_pubsub:/home/lenovoi/Sandbox/ROSIItuto/ros2_sbws/install/sb_py_robo:/opt/ros/jazzy DEBUGINFOD_URLS=https://debuginfod.ubuntu.com /usr/bin/cmake --install /home/lenovoi/Projects/Cyborg-Summer-Induction-2026/Cyborg-Summer-2026/Task3/build/task3
[6.354s] Level 1:colcon.colcon_core.environment:create_environment_scripts_only(task3)
[6.355s] DEBUG:colcon.colcon_core.event_handler.log_command:Invoked command in '/home/lenovoi/Projects/Cyborg-Summer-Induction-2026/Cyborg-Summer-2026/Task3/build/task3' returned '0': CMAKE_PREFIX_PATH=${CMAKE_PREFIX_PATH}:/home/lenovoi/Sandbox/ROSIItuto/ros2_sbws/install/py_pubsub:/home/lenovoi/Sandbox/ROSIItuto/ros2_sbws/install/sb_py_robo:/opt/ros/jazzy DEBUGINFOD_URLS=https://debuginfod.ubuntu.com /usr/bin/cmake --install /home/lenovoi/Projects/Cyborg-Summer-Induction-2026/Cyborg-Summer-2026/Task3/build/task3
[6.357s] Level 1:colcon.colcon_core.environment:checking '/home/lenovoi/Projects/Cyborg-Summer-Induction-2026/Cyborg-Summer-2026/Task3/install/task3' for CMake module files
[6.358s] Level 1:colcon.colcon_core.environment:checking '/home/lenovoi/Projects/Cyborg-Summer-Induction-2026/Cyborg-Summer-2026/Task3/install/task3' for CMake config files
[6.358s] Level 1:colcon.colcon_core.shell:create_environment_hook('task3', 'cmake_prefix_path')
[6.358s] INFO:colcon.colcon_core.shell:Creating environment hook '/home/lenovoi/Projects/Cyborg-Summer-Induction-2026/Cyborg-Summer-2026/Task3/install/task3/share/task3/hook/cmake_prefix_path.ps1'
[6.359s] INFO:colcon.colcon_core.shell:Creating environment descriptor '/home/lenovoi/Projects/Cyborg-Summer-Induction-2026/Cyborg-Summer-2026/Task3/install/task3/share/task3/hook/cmake_prefix_path.dsv'
[6.359s] INFO:colcon.colcon_core.shell:Creating environment hook '/home/lenovoi/Projects/Cyborg-Summer-Induction-2026/Cyborg-Summer-2026/Task3/install/task3/share/task3/hook/cmake_prefix_path.sh'
[6.360s] Level 1:colcon.colcon_core.environment:checking '/home/lenovoi/Projects/Cyborg-Summer-Induction-2026/Cyborg-Summer-2026/Task3/install/task3/lib'
[6.360s] Level 1:colcon.colcon_core.shell:create_environment_hook('task3', 'ld_library_path_lib')
[6.360s] INFO:colcon.colcon_core.shell:Creating environment hook '/home/lenovoi/Projects/Cyborg-Summer-Induction-2026/Cyborg-Summer-2026/Task3/install/task3/share/task3/hook/ld_library_path_lib.ps1'
[6.360s] INFO:colcon.colcon_core.shell:Creating environment descriptor '/home/lenovoi/Projects/Cyborg-Summer-Induction-2026/Cyborg-Summer-2026/Task3/install/task3/share/task3/hook/ld_library_path_lib.dsv'
[6.361s] INFO:colcon.colcon_core.shell:Creating environment hook '/home/lenovoi/Projects/Cyborg-Summer-Induction-2026/Cyborg-Summer-2026/Task3/install/task3/share/task3/hook/ld_library_path_lib.sh'
[6.361s] Level 1:colcon.colcon_core.environment:checking '/home/lenovoi/Projects/Cyborg-Summer-Induction-2026/Cyborg-Summer-2026/Task3/install/task3/bin'
[6.361s] Level 1:colcon.colcon_core.environment:checking '/home/lenovoi/Projects/Cyborg-Summer-Induction-2026/Cyborg-Summer-2026/Task3/install/task3/lib/pkgconfig/task3.pc'
[6.361s] Level 1:colcon.colcon_core.environment:checking '/home/lenovoi/Projects/Cyborg-Summer-Induction-2026/Cyborg-Summer-2026/Task3/install/task3/lib/python3.12/site-packages'
[6.361s] Level 1:colcon.colcon_core.shell:create_environment_hook('task3', 'pythonpath')
[6.361s] INFO:colcon.colcon_core.shell:Creating environment hook '/home/lenovoi/Projects/Cyborg-Summer-Induction-2026/Cyborg-Summer-2026/Task3/install/task3/share/task3/hook/pythonpath.ps1'
[6.362s] INFO:colcon.colcon_core.shell:Creating environment descriptor '/home/lenovoi/Projects/Cyborg-Summer-Induction-2026/Cyborg-Summer-2026/Task3/install/task3/share/task3/hook/pythonpath.dsv'
[6.362s] INFO:colcon.colcon_core.shell:Creating environment hook '/home/lenovoi/Projects/Cyborg-Summer-Induction-2026/Cyborg-Summer-2026/Task3/install/task3/share/task3/hook/pythonpath.sh'
[6.362s] Level 1:colcon.colcon_core.environment:checking '/home/lenovoi/Projects/Cyborg-Summer-Induction-2026/Cyborg-Summer-2026/Task3/install/task3/bin'
[6.363s] INFO:colcon.colcon_core.shell:Creating package script '/home/lenovoi/Projects/Cyborg-Summer-Induction-2026/Cyborg-Summer-2026/Task3/install/task3/share/task3/package.ps1'
[6.363s] INFO:colcon.colcon_core.shell:Creating package descriptor '/home/lenovoi/Projects/Cyborg-Summer-Induction-2026/Cyborg-Summer-2026/Task3/install/task3/share/task3/package.dsv'
[6.364s] INFO:colcon.colcon_core.shell:Creating package script '/home/lenovoi/Projects/Cyborg-Summer-Induction-2026/Cyborg-Summer-2026/Task3/install/task3/share/task3/package.sh'
[6.364s] INFO:colcon.colcon_core.shell:Creating package script '/home/lenovoi/Projects/Cyborg-Summer-Induction-2026/Cyborg-Summer-2026/Task3/install/task3/share/task3/package.bash'
[6.365s] INFO:colcon.colcon_core.shell:Creating package script '/home/lenovoi/Projects/Cyborg-Summer-Induction-2026/Cyborg-Summer-2026/Task3/install/task3/share/task3/package.zsh'
[6.365s] Level 1:colcon.colcon_core.environment:create_file_with_runtime_dependencies(/home/lenovoi/Projects/Cyborg-Summer-Induction-2026/Cyborg-Summer-2026/Task3/install/task3/share/colcon-core/packages/task3)
[6.366s] Level 1:colcon.colcon_core.environment:create_environment_scripts_only(task3)
[6.366s] Level 1:colcon.colcon_core.environment:checking '/home/lenovoi/Projects/Cyborg-Summer-Induction-2026/Cyborg-Summer-2026/Task3/install/task3' for CMake module files
[6.366s] Level 1:colcon.colcon_core.environment:checking '/home/lenovoi/Projects/Cyborg-Summer-Induction-2026/Cyborg-Summer-2026/Task3/install/task3' for CMake config files
[6.367s] Level 1:colcon.colcon_core.shell:create_environment_hook('task3', 'cmake_prefix_path')
[6.367s] INFO:colcon.colcon_core.shell:Creating environment hook '/home/lenovoi/Projects/Cyborg-Summer-Induction-2026/Cyborg-Summer-2026/Task3/install/task3/share/task3/hook/cmake_prefix_path.ps1'
[6.367s] INFO:colcon.colcon_core.shell:Creating environment descriptor '/home/lenovoi/Projects/Cyborg-Summer-Induction-2026/Cyborg-Summer-2026/Task3/install/task3/share/task3/hook/cmake_prefix_path.dsv'
[6.367s] INFO:colcon.colcon_core.shell:Creating environment hook '/home/lenovoi/Projects/Cyborg-Summer-Induction-2026/Cyborg-Summer-2026/Task3/install/task3/share/task3/hook/cmake_prefix_path.sh'
[6.368s] Level 1:colcon.colcon_core.environment:checking '/home/lenovoi/Projects/Cyborg-Summer-Induction-2026/Cyborg-Summer-2026/Task3/install/task3/lib'
[6.368s] Level 1:colcon.colcon_core.shell:create_environment_hook('task3', 'ld_library_path_lib')
[6.368s] INFO:colcon.colcon_core.shell:Creating environment hook '/home/lenovoi/Projects/Cyborg-Summer-Induction-2026/Cyborg-Summer-2026/Task3/install/task3/share/task3/hook/ld_library_path_lib.ps1'
[6.368s] INFO:colcon.colcon_core.shell:Creating environment descriptor '/home/lenovoi/Projects/Cyborg-Summer-Induction-2026/Cyborg-Summer-2026/Task3/install/task3/share/task3/hook/ld_library_path_lib.dsv'
[6.368s] INFO:colcon.colcon_core.shell:Creating environment hook '/home/lenovoi/Projects/Cyborg-Summer-Induction-2026/Cyborg-Summer-2026/Task3/install/task3/share/task3/hook/ld_library_path_lib.sh'
[6.369s] Level 1:colcon.colcon_core.environment:checking '/home/lenovoi/Projects/Cyborg-Summer-Induction-2026/Cyborg-Summer-2026/Task3/install/task3/bin'
[6.369s] Level 1:colcon.colcon_core.environment:checking '/home/lenovoi/Projects/Cyborg-Summer-Induction-2026/Cyborg-Summer-2026/Task3/install/task3/lib/pkgconfig/task3.pc'
[6.369s] Level 1:colcon.colcon_core.environment:checking '/home/lenovoi/Projects/Cyborg-Summer-Induction-2026/Cyborg-Summer-2026/Task3/install/task3/lib/python3.12/site-packages'
[6.369s] Level 1:colcon.colcon_core.shell:create_environment_hook('task3', 'pythonpath')
[6.369s] INFO:colcon.colcon_core.shell:Creating environment hook '/home/lenovoi/Projects/Cyborg-Summer-Induction-2026/Cyborg-Summer-2026/Task3/install/task3/share/task3/hook/pythonpath.ps1'
[6.369s] INFO:colcon.colcon_core.shell:Creating environment descriptor '/home/lenovoi/Projects/Cyborg-Summer-Induction-2026/Cyborg-Summer-2026/Task3/install/task3/share/task3/hook/pythonpath.dsv'
[6.370s] INFO:colcon.colcon_core.shell:Creating environment hook '/home/lenovoi/Projects/Cyborg-Summer-Induction-2026/Cyborg-Summer-2026/Task3/install/task3/share/task3/hook/pythonpath.sh'
[6.370s] Level 1:colcon.colcon_core.environment:checking '/home/lenovoi/Projects/Cyborg-Summer-Induction-2026/Cyborg-Summer-2026/Task3/install/task3/bin'
[6.370s] INFO:colcon.colcon_core.shell:Creating package script '/home/lenovoi/Projects/Cyborg-Summer-Induction-2026/Cyborg-Summer-2026/Task3/install/task3/share/task3/package.ps1'
[6.371s] INFO:colcon.colcon_core.shell:Creating package descriptor '/home/lenovoi/Projects/Cyborg-Summer-Induction-2026/Cyborg-Summer-2026/Task3/install/task3/share/task3/package.dsv'
[6.371s] INFO:colcon.colcon_core.shell:Creating package script '/home/lenovoi/Projects/Cyborg-Summer-Induction-2026/Cyborg-Summer-2026/Task3/install/task3/share/task3/package.sh'
[6.371s] INFO:colcon.colcon_core.shell:Creating package script '/home/lenovoi/Projects/Cyborg-Summer-Induction-2026/Cyborg-Summer-2026/Task3/install/task3/share/task3/package.bash'
[6.372s] INFO:colcon.colcon_core.shell:Creating package script '/home/lenovoi/Projects/Cyborg-Summer-Induction-2026/Cyborg-Summer-2026/Task3/install/task3/share/task3/package.zsh'
[6.372s] Level 1:colcon.colcon_core.environment:create_file_with_runtime_dependencies(/home/lenovoi/Projects/Cyborg-Summer-Induction-2026/Cyborg-Summer-2026/Task3/install/task3/share/colcon-core/packages/task3)
[6.372s] DEBUG:colcon.colcon_parallel_executor.executor.parallel:closing loop
[6.373s] DEBUG:colcon.colcon_parallel_executor.executor.parallel:loop closed
[6.373s] DEBUG:colcon.colcon_parallel_executor.executor.parallel:run_until_complete finished with '0'
[6.373s] DEBUG:colcon.colcon_core.event_reactor:joining thread
[6.378s] INFO:colcon.colcon_core.plugin_system:Skipping extension 'colcon_notification.desktop_notification.terminal_notifier': Not used on non-Darwin systems
[6.378s] INFO:colcon.colcon_core.plugin_system:Skipping extension 'colcon_notification.desktop_notification.win32': Not used on non-Windows systems
[6.378s] INFO:colcon.colcon_notification.desktop_notification:Sending desktop notification using 'notify2'
[6.394s] DEBUG:colcon.colcon_core.event_reactor:joined thread
[6.395s] INFO:colcon.colcon_core.shell:Creating prefix script '/home/lenovoi/Projects/Cyborg-Summer-Induction-2026/Cyborg-Summer-2026/Task3/install/local_setup.ps1'
[6.395s] INFO:colcon.colcon_core.shell:Creating prefix util module '/home/lenovoi/Projects/Cyborg-Summer-Induction-2026/Cyborg-Summer-2026/Task3/install/_local_setup_util_ps1.py'
[6.396s] INFO:colcon.colcon_core.shell:Creating prefix chain script '/home/lenovoi/Projects/Cyborg-Summer-Induction-2026/Cyborg-Summer-2026/Task3/install/setup.ps1'
[6.397s] INFO:colcon.colcon_core.shell:Creating prefix script '/home/lenovoi/Projects/Cyborg-Summer-Induction-2026/Cyborg-Summer-2026/Task3/install/local_setup.sh'
[6.398s] INFO:colcon.colcon_core.shell:Creating prefix util module '/home/lenovoi/Projects/Cyborg-Summer-Induction-2026/Cyborg-Summer-2026/Task3/install/_local_setup_util_sh.py'
[6.398s] INFO:colcon.colcon_core.shell:Creating prefix chain script '/home/lenovoi/Projects/Cyborg-Summer-Induction-2026/Cyborg-Summer-2026/Task3/install/setup.sh'
[6.399s] INFO:colcon.colcon_core.shell:Creating prefix script '/home/lenovoi/Projects/Cyborg-Summer-Induction-2026/Cyborg-Summer-2026/Task3/install/local_setup.bash'
[6.399s] INFO:colcon.colcon_core.shell:Creating prefix chain script '/home/lenovoi/Projects/Cyborg-Summer-Induction-2026/Cyborg-Summer-2026/Task3/install/setup.bash'
[6.400s] INFO:colcon.colcon_core.shell:Creating prefix script '/home/lenovoi/Projects/Cyborg-Summer-Induction-2026/Cyborg-Summer-2026/Task3/install/local_setup.zsh'
[6.400s] INFO:colcon.colcon_core.shell:Creating prefix chain script '/home/lenovoi/Projects/Cyborg-Summer-Induction-2026/Cyborg-Summer-2026/Task3/install/setup.zsh'
