-- The C compiler identification is GNU 13.3.0
-- The CXX compiler identification is GNU 13.3.0
-- Detecting C compiler ABI info
-- Detecting C compiler ABI info - done
-- Check for working C compiler: /usr/bin/cc - skipped
-- Detecting C compile features
-- Detecting C compile features - done
-- Detecting CXX compiler ABI info
-- Detecting CXX compiler ABI info - done
-- Check for working CXX compiler: /usr/bin/c++ - skipped
-- Detecting CXX compile features
-- Detecting CXX compile features - done
-- Found ament_cmake: 2.5.6 (/opt/ros/jazzy/share/ament_cmake/cmake)
-- Found Python3: /usr/bin/python3 (found version "3.12.3") found components: Interpreter 
-- Found rosidl_default_generators: 1.6.0 (/opt/ros/jazzy/share/rosidl_default_generators/cmake)
-- Using all available rosidl_typesupport_c: rosidl_typesupport_fastrtps_c;rosidl_typesupport_introspection_c
-- Using all available rosidl_typesupport_cpp: rosidl_typesupport_fastrtps_cpp;rosidl_typesupport_introspection_cpp
-- Found rosidl_adapter: 4.6.7 (/opt/ros/jazzy/share/rosidl_adapter/cmake)
-- Found ament_cmake_ros: 0.12.0 (/opt/ros/jazzy/share/ament_cmake_ros/cmake)
-- Using all available rosidl_typesupport_c: rosidl_typesupport_fastrtps_c;rosidl_typesupport_introspection_c
-- Using all available rosidl_typesupport_cpp: rosidl_typesupport_fastrtps_cpp;rosidl_typesupport_introspection_cpp
-- Found python_cmake_module: 0.11.1 (/opt/ros/jazzy/share/python_cmake_module/cmake)
-- Found PythonExtra: /usr/bin/python3  
-- Found Python3: /usr/bin/python3 (found version "3.12.3") found components: Interpreter Development NumPy Development.Module Development.Embed 
-- Found Python3: /usr/bin/python3 (found version "3.12.3") found components: Interpreter 
-- Configuring done (3.5s)
-- Generating done (0.0s)
-- Build files have been written to: /home/lenovoi/Projects/Cyborg-Summer-Induction-2026/Cyborg-Summer-2026/Task3/build/task3
[  2%] [34m[1mGenerating type hashes for ROS interfaces[0m
[  5%] [34m[1mGenerating Rust code for ROS interfaces[0m
[  5%] Built target ament_cmake_python_copy_task3
[  5%] Built target task3__rosidl_generator_type_description
[  8%] [34m[1mGenerating C code for ROS interfaces[0m
[ 11%] [34m[1mGenerating C++ code for ROS interfaces[0m
[ 11%] Built target task3__rs
running egg_info
creating task3.egg-info
writing task3.egg-info/PKG-INFO
writing dependency_links to task3.egg-info/dependency_links.txt
writing top-level names to task3.egg-info/top_level.txt
writing manifest file 'task3.egg-info/SOURCES.txt'
reading manifest file 'task3.egg-info/SOURCES.txt'
writing manifest file 'task3.egg-info/SOURCES.txt'
[ 11%] Built target ament_cmake_python_build_task3_egg
[ 11%] Built target task3__cpp
[ 17%] [32mBuilding C object CMakeFiles/task3__rosidl_generator_c.dir/rosidl_generator_c/task3/srv/detail/prime_factors__description.c.o[0m
[ 17%] [32mBuilding C object CMakeFiles/task3__rosidl_generator_c.dir/rosidl_generator_c/task3/srv/detail/prime_factors__functions.c.o[0m
[ 20%] [32mBuilding C object CMakeFiles/task3__rosidl_generator_c.dir/rosidl_generator_c/task3/srv/detail/prime_factors__type_support.c.o[0m
[ 22%] [32m[1mLinking C shared library libtask3__rosidl_generator_c.so[0m
[ 22%] Built target task3__rosidl_generator_c
[ 40%] [34m[1mGenerating C++ introspection for ROS interfaces[0m
[ 40%] [34m[1mGenerating C introspection for ROS interfaces[0m
[ 40%] [34m[1mGenerating C++ type support for eProsima Fast-RTPS[0m
[ 40%] [34m[1mGenerating C type support dispatch for ROS interfaces[0m
[ 40%] [34m[1mGenerating C type support for eProsima Fast-RTPS[0m
[ 40%] [34m[1mGenerating C++ type support dispatch for ROS interfaces[0m
[ 45%] [32mBuilding CXX object CMakeFiles/task3__rosidl_typesupport_c.dir/rosidl_typesupport_c/task3/srv/prime_factors__type_support.cpp.o[0m
[ 45%] [32mBuilding CXX object CMakeFiles/task3__rosidl_typesupport_cpp.dir/rosidl_typesupport_cpp/task3/srv/prime_factors__type_support.cpp.o[0m
[ 51%] [32mBuilding C object CMakeFiles/task3__rosidl_typesupport_introspection_c.dir/rosidl_typesupport_introspection_c/task3/srv/detail/prime_factors__type_support.c.o[0m
[ 51%] [32mBuilding CXX object CMakeFiles/task3__rosidl_typesupport_introspection_cpp.dir/rosidl_typesupport_introspection_cpp/task3/srv/detail/prime_factors__type_support.cpp.o[0m
[ 54%] [32m[1mLinking CXX shared library libtask3__rosidl_typesupport_c.so[0m
[ 57%] [32mBuilding CXX object CMakeFiles/task3__rosidl_typesupport_fastrtps_cpp.dir/rosidl_typesupport_fastrtps_cpp/task3/srv/detail/dds_fastrtps/prime_factors__type_support.cpp.o[0m
[ 60%] [32mBuilding CXX object CMakeFiles/task3__rosidl_typesupport_fastrtps_c.dir/rosidl_typesupport_fastrtps_c/task3/srv/detail/prime_factors__type_support_c.cpp.o[0m
[ 62%] [32m[1mLinking C shared library libtask3__rosidl_typesupport_introspection_c.so[0m
[ 62%] Built target task3__rosidl_typesupport_c
[ 62%] Built target task3__rosidl_typesupport_introspection_c
[ 65%] [32m[1mLinking CXX shared library libtask3__rosidl_typesupport_cpp.so[0m
[ 68%] [32m[1mLinking CXX shared library libtask3__rosidl_typesupport_introspection_cpp.so[0m
[ 68%] Built target task3__rosidl_typesupport_cpp
[ 68%] Built target task3__rosidl_typesupport_introspection_cpp
[ 71%] [32m[1mLinking CXX shared library libtask3__rosidl_typesupport_fastrtps_c.so[0m
[ 71%] Built target task3__rosidl_typesupport_fastrtps_c
[ 74%] [32m[1mLinking CXX shared library libtask3__rosidl_typesupport_fastrtps_cpp.so[0m
[ 74%] Built target task3__rosidl_typesupport_fastrtps_cpp
[ 74%] Built target task3
[ 77%] [34m[1mGenerating Python code for ROS interfaces[0m
[ 77%] Built target task3__py
[ 80%] [32mBuilding C object CMakeFiles/task3__rosidl_generator_py.dir/rosidl_generator_py/task3/srv/_prime_factors_s.c.o[0m
[ 82%] [32m[1mLinking C shared library libtask3__rosidl_generator_py.so[0m
[ 82%] Built target task3__rosidl_generator_py
[ 91%] [32mBuilding C object CMakeFiles/task3_s__rosidl_typesupport_introspection_c.dir/rosidl_generator_py/task3/_task3_s.ep.rosidl_typesupport_introspection_c.c.o[0m
[ 91%] [32mBuilding C object CMakeFiles/task3_s__rosidl_typesupport_fastrtps_c.dir/rosidl_generator_py/task3/_task3_s.ep.rosidl_typesupport_fastrtps_c.c.o[0m
[ 91%] [32mBuilding C object CMakeFiles/task3_s__rosidl_typesupport_c.dir/rosidl_generator_py/task3/_task3_s.ep.rosidl_typesupport_c.c.o[0m
[ 97%] [32m[1mLinking C shared module rosidl_generator_py/task3/task3_s__rosidl_typesupport_introspection_c.so[0m
[ 97%] [32m[1mLinking C shared module rosidl_generator_py/task3/task3_s__rosidl_typesupport_c.so[0m
[100%] [32m[1mLinking C shared module rosidl_generator_py/task3/task3_s__rosidl_typesupport_fastrtps_c.so[0m
[100%] Built target task3_s__rosidl_typesupport_fastrtps_c
[100%] Built target task3_s__rosidl_typesupport_c
[100%] Built target task3_s__rosidl_typesupport_introspection_c
-- Install configuration: ""
-- Installing: /home/lenovoi/Projects/Cyborg-Summer-Induction-2026/Cyborg-Summer-2026/Task3/install/task3/share/ament_index/resource_index/rosidl_interfaces/task3
-- Installing: /home/lenovoi/Projects/Cyborg-Summer-Induction-2026/Cyborg-Summer-2026/Task3/install/task3/share/task3/srv/PrimeFactors.json
-- Installing: /home/lenovoi/Projects/Cyborg-Summer-Induction-2026/Cyborg-Summer-2026/Task3/install/task3/include/task3/task3
-- Installing: /home/lenovoi/Projects/Cyborg-Summer-Induction-2026/Cyborg-Summer-2026/Task3/install/task3/include/task3/task3/srv
-- Installing: /home/lenovoi/Projects/Cyborg-Summer-Induction-2026/Cyborg-Summer-2026/Task3/install/task3/include/task3/task3/srv/prime_factors.h
-- Installing: /home/lenovoi/Projects/Cyborg-Summer-Induction-2026/Cyborg-Summer-2026/Task3/install/task3/include/task3/task3/srv/detail
-- Installing: /home/lenovoi/Projects/Cyborg-Summer-Induction-2026/Cyborg-Summer-2026/Task3/install/task3/include/task3/task3/srv/detail/prime_factors__struct.h
-- Installing: /home/lenovoi/Projects/Cyborg-Summer-Induction-2026/Cyborg-Summer-2026/Task3/install/task3/include/task3/task3/srv/detail/prime_factors__functions.c
-- Installing: /home/lenovoi/Projects/Cyborg-Summer-Induction-2026/Cyborg-Summer-2026/Task3/install/task3/include/task3/task3/srv/detail/prime_factors__type_support.h
-- Installing: /home/lenovoi/Projects/Cyborg-Summer-Induction-2026/Cyborg-Summer-2026/Task3/install/task3/include/task3/task3/srv/detail/prime_factors__description.c
-- Installing: /home/lenovoi/Projects/Cyborg-Summer-Induction-2026/Cyborg-Summer-2026/Task3/install/task3/include/task3/task3/srv/detail/prime_factors__functions.h
-- Installing: /home/lenovoi/Projects/Cyborg-Summer-Induction-2026/Cyborg-Summer-2026/Task3/install/task3/include/task3/task3/srv/detail/prime_factors__type_support.c
-- Installing: /home/lenovoi/Projects/Cyborg-Summer-Induction-2026/Cyborg-Summer-2026/Task3/install/task3/include/task3/task3/msg
-- Installing: /home/lenovoi/Projects/Cyborg-Summer-Induction-2026/Cyborg-Summer-2026/Task3/install/task3/include/task3/task3/msg/rosidl_generator_c__visibility_control.h
-- Installing: /home/lenovoi/Projects/Cyborg-Summer-Induction-2026/Cyborg-Summer-2026/Task3/install/task3/share/task3/environment/library_path.sh
-- Installing: /home/lenovoi/Projects/Cyborg-Summer-Induction-2026/Cyborg-Summer-2026/Task3/install/task3/share/task3/environment/library_path.dsv
-- Installing: /home/lenovoi/Projects/Cyborg-Summer-Induction-2026/Cyborg-Summer-2026/Task3/install/task3/lib/libtask3__rosidl_generator_c.so
-- Set non-toolchain portion of runtime path of "/home/lenovoi/Projects/Cyborg-Summer-Induction-2026/Cyborg-Summer-2026/Task3/install/task3/lib/libtask3__rosidl_generator_c.so" to ""
-- Up-to-date: /home/lenovoi/Projects/Cyborg-Summer-Induction-2026/Cyborg-Summer-2026/Task3/install/task3/include/task3/task3
-- Up-to-date: /home/lenovoi/Projects/Cyborg-Summer-Induction-2026/Cyborg-Summer-2026/Task3/install/task3/include/task3/task3/srv
-- Up-to-date: /home/lenovoi/Projects/Cyborg-Summer-Induction-2026/Cyborg-Summer-2026/Task3/install/task3/include/task3/task3/srv/detail
-- Installing: /home/lenovoi/Projects/Cyborg-Summer-Induction-2026/Cyborg-Summer-2026/Task3/install/task3/include/task3/task3/srv/detail/prime_factors__rosidl_typesupport_fastrtps_c.h
-- Up-to-date: /home/lenovoi/Projects/Cyborg-Summer-Induction-2026/Cyborg-Summer-2026/Task3/install/task3/include/task3/task3/msg
-- Installing: /home/lenovoi/Projects/Cyborg-Summer-Induction-2026/Cyborg-Summer-2026/Task3/install/task3/include/task3/task3/msg/rosidl_typesupport_fastrtps_c__visibility_control.h
-- Installing: /home/lenovoi/Projects/Cyborg-Summer-Induction-2026/Cyborg-Summer-2026/Task3/install/task3/lib/libtask3__rosidl_typesupport_fastrtps_c.so
-- Set non-toolchain portion of runtime path of "/home/lenovoi/Projects/Cyborg-Summer-Induction-2026/Cyborg-Summer-2026/Task3/install/task3/lib/libtask3__rosidl_typesupport_fastrtps_c.so" to ""
-- Up-to-date: /home/lenovoi/Projects/Cyborg-Summer-Induction-2026/Cyborg-Summer-2026/Task3/install/task3/include/task3/task3
-- Up-to-date: /home/lenovoi/Projects/Cyborg-Summer-Induction-2026/Cyborg-Summer-2026/Task3/install/task3/include/task3/task3/srv
-- Up-to-date: /home/lenovoi/Projects/Cyborg-Summer-Induction-2026/Cyborg-Summer-2026/Task3/install/task3/include/task3/task3/srv/detail
-- Installing: /home/lenovoi/Projects/Cyborg-Summer-Induction-2026/Cyborg-Summer-2026/Task3/install/task3/include/task3/task3/srv/detail/prime_factors__rosidl_typesupport_introspection_c.h
-- Up-to-date: /home/lenovoi/Projects/Cyborg-Summer-Induction-2026/Cyborg-Summer-2026/Task3/install/task3/include/task3/task3/srv/detail/prime_factors__type_support.c
-- Up-to-date: /home/lenovoi/Projects/Cyborg-Summer-Induction-2026/Cyborg-Summer-2026/Task3/install/task3/include/task3/task3/msg
-- Installing: /home/lenovoi/Projects/Cyborg-Summer-Induction-2026/Cyborg-Summer-2026/Task3/install/task3/include/task3/task3/msg/rosidl_typesupport_introspection_c__visibility_control.h
-- Installing: /home/lenovoi/Projects/Cyborg-Summer-Induction-2026/Cyborg-Summer-2026/Task3/install/task3/lib/libtask3__rosidl_typesupport_introspection_c.so
-- Set non-toolchain portion of runtime path of "/home/lenovoi/Projects/Cyborg-Summer-Induction-2026/Cyborg-Summer-2026/Task3/install/task3/lib/libtask3__rosidl_typesupport_introspection_c.so" to ""
-- Installing: /home/lenovoi/Projects/Cyborg-Summer-Induction-2026/Cyborg-Summer-2026/Task3/install/task3/lib/libtask3__rosidl_typesupport_c.so
-- Set non-toolchain portion of runtime path of "/home/lenovoi/Projects/Cyborg-Summer-Induction-2026/Cyborg-Summer-2026/Task3/install/task3/lib/libtask3__rosidl_typesupport_c.so" to ""
-- Up-to-date: /home/lenovoi/Projects/Cyborg-Summer-Induction-2026/Cyborg-Summer-2026/Task3/install/task3/include/task3/task3
-- Up-to-date: /home/lenovoi/Projects/Cyborg-Summer-Induction-2026/Cyborg-Summer-2026/Task3/install/task3/include/task3/task3/srv
-- Up-to-date: /home/lenovoi/Projects/Cyborg-Summer-Induction-2026/Cyborg-Summer-2026/Task3/install/task3/include/task3/task3/srv/detail
-- Installing: /home/lenovoi/Projects/Cyborg-Summer-Induction-2026/Cyborg-Summer-2026/Task3/install/task3/include/task3/task3/srv/detail/prime_factors__builder.hpp
-- Installing: /home/lenovoi/Projects/Cyborg-Summer-Induction-2026/Cyborg-Summer-2026/Task3/install/task3/include/task3/task3/srv/detail/prime_factors__traits.hpp
-- Installing: /home/lenovoi/Projects/Cyborg-Summer-Induction-2026/Cyborg-Summer-2026/Task3/install/task3/include/task3/task3/srv/detail/prime_factors__type_support.hpp
-- Installing: /home/lenovoi/Projects/Cyborg-Summer-Induction-2026/Cyborg-Summer-2026/Task3/install/task3/include/task3/task3/srv/detail/prime_factors__struct.hpp
-- Installing: /home/lenovoi/Projects/Cyborg-Summer-Induction-2026/Cyborg-Summer-2026/Task3/install/task3/include/task3/task3/srv/prime_factors.hpp
-- Up-to-date: /home/lenovoi/Projects/Cyborg-Summer-Induction-2026/Cyborg-Summer-2026/Task3/install/task3/include/task3/task3/msg
-- Installing: /home/lenovoi/Projects/Cyborg-Summer-Induction-2026/Cyborg-Summer-2026/Task3/install/task3/include/task3/task3/msg/rosidl_generator_cpp__visibility_control.hpp
-- Up-to-date: /home/lenovoi/Projects/Cyborg-Summer-Induction-2026/Cyborg-Summer-2026/Task3/install/task3/include/task3/task3
-- Up-to-date: /home/lenovoi/Projects/Cyborg-Summer-Induction-2026/Cyborg-Summer-2026/Task3/install/task3/include/task3/task3/srv
-- Up-to-date: /home/lenovoi/Projects/Cyborg-Summer-Induction-2026/Cyborg-Summer-2026/Task3/install/task3/include/task3/task3/srv/detail
-- Installing: /home/lenovoi/Projects/Cyborg-Summer-Induction-2026/Cyborg-Summer-2026/Task3/install/task3/include/task3/task3/srv/detail/prime_factors__rosidl_typesupport_fastrtps_cpp.hpp
-- Installing: /home/lenovoi/Projects/Cyborg-Summer-Induction-2026/Cyborg-Summer-2026/Task3/install/task3/include/task3/task3/srv/detail/dds_fastrtps
-- Up-to-date: /home/lenovoi/Projects/Cyborg-Summer-Induction-2026/Cyborg-Summer-2026/Task3/install/task3/include/task3/task3/msg
-- Installing: /home/lenovoi/Projects/Cyborg-Summer-Induction-2026/Cyborg-Summer-2026/Task3/install/task3/include/task3/task3/msg/rosidl_typesupport_fastrtps_cpp__visibility_control.h
-- Installing: /home/lenovoi/Projects/Cyborg-Summer-Induction-2026/Cyborg-Summer-2026/Task3/install/task3/lib/libtask3__rosidl_typesupport_fastrtps_cpp.so
-- Set non-toolchain portion of runtime path of "/home/lenovoi/Projects/Cyborg-Summer-Induction-2026/Cyborg-Summer-2026/Task3/install/task3/lib/libtask3__rosidl_typesupport_fastrtps_cpp.so" to ""
-- Up-to-date: /home/lenovoi/Projects/Cyborg-Summer-Induction-2026/Cyborg-Summer-2026/Task3/install/task3/include/task3/task3
-- Up-to-date: /home/lenovoi/Projects/Cyborg-Summer-Induction-2026/Cyborg-Summer-2026/Task3/install/task3/include/task3/task3/srv
-- Up-to-date: /home/lenovoi/Projects/Cyborg-Summer-Induction-2026/Cyborg-Summer-2026/Task3/install/task3/include/task3/task3/srv/detail
-- Installing: /home/lenovoi/Projects/Cyborg-Summer-Induction-2026/Cyborg-Summer-2026/Task3/install/task3/include/task3/task3/srv/detail/prime_factors__type_support.cpp
-- Installing: /home/lenovoi/Projects/Cyborg-Summer-Induction-2026/Cyborg-Summer-2026/Task3/install/task3/include/task3/task3/srv/detail/prime_factors__rosidl_typesupport_introspection_cpp.hpp
-- Installing: /home/lenovoi/Projects/Cyborg-Summer-Induction-2026/Cyborg-Summer-2026/Task3/install/task3/lib/libtask3__rosidl_typesupport_introspection_cpp.so
-- Set non-toolchain portion of runtime path of "/home/lenovoi/Projects/Cyborg-Summer-Induction-2026/Cyborg-Summer-2026/Task3/install/task3/lib/libtask3__rosidl_typesupport_introspection_cpp.so" to ""
-- Installing: /home/lenovoi/Projects/Cyborg-Summer-Induction-2026/Cyborg-Summer-2026/Task3/install/task3/lib/libtask3__rosidl_typesupport_cpp.so
-- Set non-toolchain portion of runtime path of "/home/lenovoi/Projects/Cyborg-Summer-Induction-2026/Cyborg-Summer-2026/Task3/install/task3/lib/libtask3__rosidl_typesupport_cpp.so" to ""
-- Installing: /home/lenovoi/Projects/Cyborg-Summer-Induction-2026/Cyborg-Summer-2026/Task3/install/task3/share/task3/environment/pythonpath.sh
-- Installing: /home/lenovoi/Projects/Cyborg-Summer-Induction-2026/Cyborg-Summer-2026/Task3/install/task3/share/task3/environment/pythonpath.dsv
-- Installing: /home/lenovoi/Projects/Cyborg-Summer-Induction-2026/Cyborg-Summer-2026/Task3/install/task3/lib/python3.12/site-packages/task3-0.0.0-py3.12.egg-info
-- Installing: /home/lenovoi/Projects/Cyborg-Summer-Induction-2026/Cyborg-Summer-2026/Task3/install/task3/lib/python3.12/site-packages/task3-0.0.0-py3.12.egg-info/PKG-INFO
-- Installing: /home/lenovoi/Projects/Cyborg-Summer-Induction-2026/Cyborg-Summer-2026/Task3/install/task3/lib/python3.12/site-packages/task3-0.0.0-py3.12.egg-info/SOURCES.txt
-- Installing: /home/lenovoi/Projects/Cyborg-Summer-Induction-2026/Cyborg-Summer-2026/Task3/install/task3/lib/python3.12/site-packages/task3-0.0.0-py3.12.egg-info/top_level.txt
-- Installing: /home/lenovoi/Projects/Cyborg-Summer-Induction-2026/Cyborg-Summer-2026/Task3/install/task3/lib/python3.12/site-packages/task3-0.0.0-py3.12.egg-info/dependency_links.txt
-- Installing: /home/lenovoi/Projects/Cyborg-Summer-Induction-2026/Cyborg-Summer-2026/Task3/install/task3/lib/python3.12/site-packages/task3
-- Installing: /home/lenovoi/Projects/Cyborg-Summer-Induction-2026/Cyborg-Summer-2026/Task3/install/task3/lib/python3.12/site-packages/task3/srv
-- Installing: /home/lenovoi/Projects/Cyborg-Summer-Induction-2026/Cyborg-Summer-2026/Task3/install/task3/lib/python3.12/site-packages/task3/srv/_prime_factors.py
-- Installing: /home/lenovoi/Projects/Cyborg-Summer-Induction-2026/Cyborg-Summer-2026/Task3/install/task3/lib/python3.12/site-packages/task3/srv/_prime_factors_s.c
-- Installing: /home/lenovoi/Projects/Cyborg-Summer-Induction-2026/Cyborg-Summer-2026/Task3/install/task3/lib/python3.12/site-packages/task3/srv/__init__.py
-- Installing: /home/lenovoi/Projects/Cyborg-Summer-Induction-2026/Cyborg-Summer-2026/Task3/install/task3/lib/python3.12/site-packages/task3/task3_s__rosidl_typesupport_fastrtps_c.so
-- Installing: /home/lenovoi/Projects/Cyborg-Summer-Induction-2026/Cyborg-Summer-2026/Task3/install/task3/lib/python3.12/site-packages/task3/__init__.py
-- Installing: /home/lenovoi/Projects/Cyborg-Summer-Induction-2026/Cyborg-Summer-2026/Task3/install/task3/lib/python3.12/site-packages/task3/task3_s__rosidl_typesupport_introspection_c.so
-- Installing: /home/lenovoi/Projects/Cyborg-Summer-Induction-2026/Cyborg-Summer-2026/Task3/install/task3/lib/python3.12/site-packages/task3/_task3_s.ep.rosidl_typesupport_fastrtps_c.c
-- Installing: /home/lenovoi/Projects/Cyborg-Summer-Induction-2026/Cyborg-Summer-2026/Task3/install/task3/lib/python3.12/site-packages/task3/_task3_s.ep.rosidl_typesupport_introspection_c.c
-- Installing: /home/lenovoi/Projects/Cyborg-Summer-Induction-2026/Cyborg-Summer-2026/Task3/install/task3/lib/python3.12/site-packages/task3/task3_s__rosidl_typesupport_c.so
-- Installing: /home/lenovoi/Projects/Cyborg-Summer-Induction-2026/Cyborg-Summer-2026/Task3/install/task3/lib/python3.12/site-packages/task3/_task3_s.ep.rosidl_typesupport_c.c
Listing '/home/lenovoi/Projects/Cyborg-Summer-Induction-2026/Cyborg-Summer-2026/Task3/install/task3/lib/python3.12/site-packages/task3'...
Compiling '/home/lenovoi/Projects/Cyborg-Summer-Induction-2026/Cyborg-Summer-2026/Task3/install/task3/lib/python3.12/site-packages/task3/__init__.py'...
Listing '/home/lenovoi/Projects/Cyborg-Summer-Induction-2026/Cyborg-Summer-2026/Task3/install/task3/lib/python3.12/site-packages/task3/srv'...
Compiling '/home/lenovoi/Projects/Cyborg-Summer-Induction-2026/Cyborg-Summer-2026/Task3/install/task3/lib/python3.12/site-packages/task3/srv/__init__.py'...
Compiling '/home/lenovoi/Projects/Cyborg-Summer-Induction-2026/Cyborg-Summer-2026/Task3/install/task3/lib/python3.12/site-packages/task3/srv/_prime_factors.py'...
-- Installing: /home/lenovoi/Projects/Cyborg-Summer-Induction-2026/Cyborg-Summer-2026/Task3/install/task3/lib/python3.12/site-packages/task3/task3_s__rosidl_typesupport_fastrtps_c.so
-- Set non-toolchain portion of runtime path of "/home/lenovoi/Projects/Cyborg-Summer-Induction-2026/Cyborg-Summer-2026/Task3/install/task3/lib/python3.12/site-packages/task3/task3_s__rosidl_typesupport_fastrtps_c.so" to ""
-- Installing: /home/lenovoi/Projects/Cyborg-Summer-Induction-2026/Cyborg-Summer-2026/Task3/install/task3/lib/python3.12/site-packages/task3/task3_s__rosidl_typesupport_introspection_c.so
-- Set non-toolchain portion of runtime path of "/home/lenovoi/Projects/Cyborg-Summer-Induction-2026/Cyborg-Summer-2026/Task3/install/task3/lib/python3.12/site-packages/task3/task3_s__rosidl_typesupport_introspection_c.so" to ""
-- Installing: /home/lenovoi/Projects/Cyborg-Summer-Induction-2026/Cyborg-Summer-2026/Task3/install/task3/lib/python3.12/site-packages/task3/task3_s__rosidl_typesupport_c.so
-- Set non-toolchain portion of runtime path of "/home/lenovoi/Projects/Cyborg-Summer-Induction-2026/Cyborg-Summer-2026/Task3/install/task3/lib/python3.12/site-packages/task3/task3_s__rosidl_typesupport_c.so" to ""
-- Installing: /home/lenovoi/Projects/Cyborg-Summer-Induction-2026/Cyborg-Summer-2026/Task3/install/task3/lib/libtask3__rosidl_generator_py.so
-- Set non-toolchain portion of runtime path of "/home/lenovoi/Projects/Cyborg-Summer-Induction-2026/Cyborg-Summer-2026/Task3/install/task3/lib/libtask3__rosidl_generator_py.so" to ""
-- Installing: /home/lenovoi/Projects/Cyborg-Summer-Induction-2026/Cyborg-Summer-2026/Task3/install/task3/share/ament_index/resource_index/rust_packages/task3
-- Installing: /home/lenovoi/Projects/Cyborg-Summer-Induction-2026/Cyborg-Summer-2026/Task3/install/task3/share/task3/rust
-- Installing: /home/lenovoi/Projects/Cyborg-Summer-Induction-2026/Cyborg-Summer-2026/Task3/install/task3/share/task3/rust/src
-- Installing: /home/lenovoi/Projects/Cyborg-Summer-Induction-2026/Cyborg-Summer-2026/Task3/install/task3/share/task3/rust/src/srv
-- Installing: /home/lenovoi/Projects/Cyborg-Summer-Induction-2026/Cyborg-Summer-2026/Task3/install/task3/share/task3/rust/src/srv/rmw.rs
-- Installing: /home/lenovoi/Projects/Cyborg-Summer-Induction-2026/Cyborg-Summer-2026/Task3/install/task3/share/task3/rust/src/srv.rs
-- Installing: /home/lenovoi/Projects/Cyborg-Summer-Induction-2026/Cyborg-Summer-2026/Task3/install/task3/share/task3/rust/src/lib.rs
-- Installing: /home/lenovoi/Projects/Cyborg-Summer-Induction-2026/Cyborg-Summer-2026/Task3/install/task3/share/task3/rust/Cargo.toml
-- Installing: /home/lenovoi/Projects/Cyborg-Summer-Induction-2026/Cyborg-Summer-2026/Task3/install/task3/share/task3/rust/build.rs
-- Installing: /home/lenovoi/Projects/Cyborg-Summer-Induction-2026/Cyborg-Summer-2026/Task3/install/task3/share/task3/srv/PrimeFactors.idl
-- Installing: /home/lenovoi/Projects/Cyborg-Summer-Induction-2026/Cyborg-Summer-2026/Task3/install/task3/share/task3/srv/PrimeFactors.srv
-- Installing: /home/lenovoi/Projects/Cyborg-Summer-Induction-2026/Cyborg-Summer-2026/Task3/install/task3/share/task3/launch
-- Installing: /home/lenovoi/Projects/Cyborg-Summer-Induction-2026/Cyborg-Summer-2026/Task3/install/task3/share/task3/launch/Task3.launch.py
-- Installing: /home/lenovoi/Projects/Cyborg-Summer-Induction-2026/Cyborg-Summer-2026/Task3/install/task3/lib/task3/Task3A.py
-- Installing: /home/lenovoi/Projects/Cyborg-Summer-Induction-2026/Cyborg-Summer-2026/Task3/install/task3/lib/task3/BonusTask3A.py
-- Installing: /home/lenovoi/Projects/Cyborg-Summer-Induction-2026/Cyborg-Summer-2026/Task3/install/task3/lib/task3/Task3B.py
-- Installing: /home/lenovoi/Projects/Cyborg-Summer-Induction-2026/Cyborg-Summer-2026/Task3/install/task3/lib/task3/Task3C.py
-- Installing: /home/lenovoi/Projects/Cyborg-Summer-Induction-2026/Cyborg-Summer-2026/Task3/install/task3/lib/task3/Task3D_server.py
-- Installing: /home/lenovoi/Projects/Cyborg-Summer-Induction-2026/Cyborg-Summer-2026/Task3/install/task3/lib/task3/Task3D_client.py
-- Installing: /home/lenovoi/Projects/Cyborg-Summer-Induction-2026/Cyborg-Summer-2026/Task3/install/task3/share/ament_index/resource_index/package_run_dependencies/task3
-- Installing: /home/lenovoi/Projects/Cyborg-Summer-Induction-2026/Cyborg-Summer-2026/Task3/install/task3/share/ament_index/resource_index/parent_prefix_path/task3
-- Installing: /home/lenovoi/Projects/Cyborg-Summer-Induction-2026/Cyborg-Summer-2026/Task3/install/task3/share/task3/environment/ament_prefix_path.sh
-- Installing: /home/lenovoi/Projects/Cyborg-Summer-Induction-2026/Cyborg-Summer-2026/Task3/install/task3/share/task3/environment/ament_prefix_path.dsv
-- Installing: /home/lenovoi/Projects/Cyborg-Summer-Induction-2026/Cyborg-Summer-2026/Task3/install/task3/share/task3/environment/path.sh
-- Installing: /home/lenovoi/Projects/Cyborg-Summer-Induction-2026/Cyborg-Summer-2026/Task3/install/task3/share/task3/environment/path.dsv
-- Installing: /home/lenovoi/Projects/Cyborg-Summer-Induction-2026/Cyborg-Summer-2026/Task3/install/task3/share/task3/local_setup.bash
-- Installing: /home/lenovoi/Projects/Cyborg-Summer-Induction-2026/Cyborg-Summer-2026/Task3/install/task3/share/task3/local_setup.sh
-- Installing: /home/lenovoi/Projects/Cyborg-Summer-Induction-2026/Cyborg-Summer-2026/Task3/install/task3/share/task3/local_setup.zsh
-- Installing: /home/lenovoi/Projects/Cyborg-Summer-Induction-2026/Cyborg-Summer-2026/Task3/install/task3/share/task3/local_setup.dsv
-- Installing: /home/lenovoi/Projects/Cyborg-Summer-Induction-2026/Cyborg-Summer-2026/Task3/install/task3/share/task3/package.dsv
-- Installing: /home/lenovoi/Projects/Cyborg-Summer-Induction-2026/Cyborg-Summer-2026/Task3/install/task3/share/ament_index/resource_index/packages/task3
-- Installing: /home/lenovoi/Projects/Cyborg-Summer-Induction-2026/Cyborg-Summer-2026/Task3/install/task3/share/task3/cmake/export_task3__rosidl_generator_cExport.cmake
-- Installing: /home/lenovoi/Projects/Cyborg-Summer-Induction-2026/Cyborg-Summer-2026/Task3/install/task3/share/task3/cmake/export_task3__rosidl_generator_cExport-noconfig.cmake
-- Installing: /home/lenovoi/Projects/Cyborg-Summer-Induction-2026/Cyborg-Summer-2026/Task3/install/task3/share/task3/cmake/export_task3__rosidl_typesupport_fastrtps_cExport.cmake
-- Installing: /home/lenovoi/Projects/Cyborg-Summer-Induction-2026/Cyborg-Summer-2026/Task3/install/task3/share/task3/cmake/export_task3__rosidl_typesupport_fastrtps_cExport-noconfig.cmake
-- Installing: /home/lenovoi/Projects/Cyborg-Summer-Induction-2026/Cyborg-Summer-2026/Task3/install/task3/share/task3/cmake/task3__rosidl_typesupport_introspection_cExport.cmake
-- Installing: /home/lenovoi/Projects/Cyborg-Summer-Induction-2026/Cyborg-Summer-2026/Task3/install/task3/share/task3/cmake/task3__rosidl_typesupport_introspection_cExport-noconfig.cmake
-- Installing: /home/lenovoi/Projects/Cyborg-Summer-Induction-2026/Cyborg-Summer-2026/Task3/install/task3/share/task3/cmake/task3__rosidl_typesupport_cExport.cmake
-- Installing: /home/lenovoi/Projects/Cyborg-Summer-Induction-2026/Cyborg-Summer-2026/Task3/install/task3/share/task3/cmake/task3__rosidl_typesupport_cExport-noconfig.cmake
-- Installing: /home/lenovoi/Projects/Cyborg-Summer-Induction-2026/Cyborg-Summer-2026/Task3/install/task3/share/task3/cmake/export_task3__rosidl_generator_cppExport.cmake
-- Installing: /home/lenovoi/Projects/Cyborg-Summer-Induction-2026/Cyborg-Summer-2026/Task3/install/task3/share/task3/cmake/export_task3__rosidl_typesupport_fastrtps_cppExport.cmake
-- Installing: /home/lenovoi/Projects/Cyborg-Summer-Induction-2026/Cyborg-Summer-2026/Task3/install/task3/share/task3/cmake/export_task3__rosidl_typesupport_fastrtps_cppExport-noconfig.cmake
-- Installing: /home/lenovoi/Projects/Cyborg-Summer-Induction-2026/Cyborg-Summer-2026/Task3/install/task3/share/task3/cmake/task3__rosidl_typesupport_introspection_cppExport.cmake
-- Installing: /home/lenovoi/Projects/Cyborg-Summer-Induction-2026/Cyborg-Summer-2026/Task3/install/task3/share/task3/cmake/task3__rosidl_typesupport_introspection_cppExport-noconfig.cmake
-- Installing: /home/lenovoi/Projects/Cyborg-Summer-Induction-2026/Cyborg-Summer-2026/Task3/install/task3/share/task3/cmake/task3__rosidl_typesupport_cppExport.cmake
-- Installing: /home/lenovoi/Projects/Cyborg-Summer-Induction-2026/Cyborg-Summer-2026/Task3/install/task3/share/task3/cmake/task3__rosidl_typesupport_cppExport-noconfig.cmake
-- Installing: /home/lenovoi/Projects/Cyborg-Summer-Induction-2026/Cyborg-Summer-2026/Task3/install/task3/share/task3/cmake/export_task3__rosidl_generator_pyExport.cmake
-- Installing: /home/lenovoi/Projects/Cyborg-Summer-Induction-2026/Cyborg-Summer-2026/Task3/install/task3/share/task3/cmake/export_task3__rosidl_generator_pyExport-noconfig.cmake
-- Installing: /home/lenovoi/Projects/Cyborg-Summer-Induction-2026/Cyborg-Summer-2026/Task3/install/task3/share/task3/cmake/rosidl_cmake-extras.cmake
-- Installing: /home/lenovoi/Projects/Cyborg-Summer-Induction-2026/Cyborg-Summer-2026/Task3/install/task3/share/task3/cmake/ament_cmake_export_dependencies-extras.cmake
-- Installing: /home/lenovoi/Projects/Cyborg-Summer-Induction-2026/Cyborg-Summer-2026/Task3/install/task3/share/task3/cmake/ament_cmake_export_include_directories-extras.cmake
-- Installing: /home/lenovoi/Projects/Cyborg-Summer-Induction-2026/Cyborg-Summer-2026/Task3/install/task3/share/task3/cmake/ament_cmake_export_libraries-extras.cmake
-- Installing: /home/lenovoi/Projects/Cyborg-Summer-Induction-2026/Cyborg-Summer-2026/Task3/install/task3/share/task3/cmake/ament_cmake_export_targets-extras.cmake
-- Installing: /home/lenovoi/Projects/Cyborg-Summer-Induction-2026/Cyborg-Summer-2026/Task3/install/task3/share/task3/cmake/rosidl_cmake_export_typesupport_targets-extras.cmake
-- Installing: /home/lenovoi/Projects/Cyborg-Summer-Induction-2026/Cyborg-Summer-2026/Task3/install/task3/share/task3/cmake/rosidl_cmake_export_typesupport_libraries-extras.cmake
-- Installing: /home/lenovoi/Projects/Cyborg-Summer-Induction-2026/Cyborg-Summer-2026/Task3/install/task3/share/task3/cmake/task3Config.cmake
-- Installing: /home/lenovoi/Projects/Cyborg-Summer-Induction-2026/Cyborg-Summer-2026/Task3/install/task3/share/task3/cmake/task3Config-version.cmake
-- Installing: /home/lenovoi/Projects/Cyborg-Summer-Induction-2026/Cyborg-Summer-2026/Task3/install/task3/share/task3/package.xml
